Loading dataset...
Skipping 110: FITS image not found: /app/data/dataset/110/110-image.fits
Skipping 11000012: Empty FITS image
Skipping 11000013: Empty FITS image
Skipping 11000042: Empty FITS image
Skipping 11000069: Empty FITS image
Skipping 11000088: Empty FITS image
Skipping 11000103: Empty FITS image
Skipping 11000109: Empty FITS image
Skipping 11000130: Empty FITS image
Skipping 11000149: Empty FITS image
Skipping 11000183: Empty FITS image
Skipping 11000206: Empty FITS image
Skipping 11000231: Empty FITS image
Skipping 11000248: Empty FITS image
Skipping 11000259: Empty FITS image
Skipping 11000278: Empty FITS image
Skipping 11000293: Empty FITS image
Skipping 11000318: Empty FITS image
Skipping 11000333: Empty FITS image
Skipping 11000348: Empty FITS image
Skipping 11000375: Empty FITS image
Skipping 11000410: Empty FITS image
Skipping 11000425: Empty FITS image
Skipping 11000448: Empty FITS image
Skipping 11000463: Empty FITS image
Skipping 11000480: Empty FITS image
Skipping 11000505: Empty FITS image
Skipping 11000513: Empty FITS image
Skipping 11000541: Empty FITS image
Skipping 11000560: Empty FITS image
Skipping 11000583: Empty FITS image
Skipping 11000601: Empty FITS image
Skipping 11000629: Empty FITS image
Skipping 11000652: Empty FITS image
Skipping 11000676: Empty FITS image
Skipping 11000723: Empty FITS image
Skipping 11000737: Empty FITS image
Skipping 11000750: Empty FITS image
Skipping 11000778: Empty FITS image
Skipping 11000803: Empty FITS image
Skipping 11000831: Empty FITS image
Skipping 11000834: Empty FITS image
Skipping 11000866: Empty FITS image
Skipping 11000868: Empty FITS image
Skipping 11000878: Empty FITS image
Skipping 11000880: Empty FITS image
Skipping 11000908: Empty FITS image
Skipping 11000909: Empty FITS image
Skipping 11000939: Empty FITS image
Skipping 11000941: Empty FITS image
Skipping 11000971: Empty FITS image
Skipping 11000998: Empty FITS image
Skipping 11001034: Empty FITS image
Skipping 11001048: Empty FITS image
Skipping 11001075: Empty FITS image
Skipping 11001103: Empty FITS image
Skipping 11001122: Empty FITS image
Skipping 11001138: Empty FITS image
Skipping 11001153: Empty FITS image
Skipping 11001182: Empty FITS image
Skipping 11001206: Empty FITS image
Skipping 11001236: Empty FITS image
Skipping 11001243: Empty FITS image
Skipping 11001261: Empty FITS image
Skipping 11001293: Empty FITS image
Skipping 11001312: Empty FITS image
Skipping 11001341: Empty FITS image
Skipping 11001352: Empty FITS image
Skipping 11001381: Empty FITS image
Skipping 11001415: Empty FITS image
Skipping 11001433: Empty FITS image
Skipping 11001465: Empty FITS image
WARNING: File may have been truncated: actual file length (114688) is smaller than the expected size (4360320) [astropy.io.fits.file]
Skipping 1544015: buffer is too small for requested array
WARNING: File may have been truncated: actual file length (2208960) is smaller than the expected size (2211840) [astropy.io.fits.file]
Skipping 1544965: buffer is too small for requested array
WARNING: File may have been truncated: actual file length (16963200) is smaller than the expected size (16966080) [astropy.io.fits.file]
Skipping 1545008: buffer is too small for requested array
Skipping 1545510: AXY file not found: /app/data/dataset/1545510/1545510-axy.fits
NaN después de normalizar en 1545519, saltando
Skipping 1545994: Empty FITS image
Skipping 1546048: Empty FITS image
Skipping 1546051: Empty FITS image
Skipping 1546056: Empty FITS image
Skipping 1546104: Empty FITS image
Skipping 1546107: Empty FITS image
Skipping 1546125: Empty FITS image
Skipping 1546130: Empty FITS image
Skipping 1546168: Empty FITS image
Skipping 1546224: Empty FITS image
Skipping 1546226: Empty FITS image
Skipping 1546232: Empty FITS image
Skipping 1546271: Empty FITS image
Skipping 1546307: Empty FITS image
Skipping 1546343: Empty FITS image
Skipping 1546346: Empty FITS image
WARNING: File may have been truncated: actual file length (671040) is smaller than the expected size (673920) [astropy.io.fits.file]
Skipping 1547405: buffer is too small for requested array
Skipping 1547958: Empty FITS image
Skipping 1547963: Empty FITS image
Skipping 1548078: Empty FITS image
WARNING: File may have been truncated: actual file length (6512640) is smaller than the expected size (7948800) [astropy.io.fits.file]
Skipping 1548240: buffer is too small for requested array
Skipping 27: FITS image not found: /app/data/dataset/27/27-image.fits
Skipping cache: FITS image not found: /app/data/dataset/cache/cache-image.fits
Dataset loaded: 2806 entries

==================================================
EXPERIMENT CONFIGURATION
==================================================
NORMALIZATION  : LogPercentileNormalization
                 {'lowest_percentile': 1.0, 'highest_percentile': 99.9}
LOSS           : CombinedLoss
                 {'loss_a': 'DiceLoss', 'loss_b': 'FocalLossModule', 'weight_a': 0.5, 'weight_b': 0.5}
MODEL          : UNet4Levels
                 {'prior_prob': 0.0035}
AUGMENTATION   : ComposeAugmentation
                 {'augmentations': [<model_training.data_preprocessing.augmentation.flip_rotate_augmentation.FlipRotateAugmentation object at 0x7c2e9a153df0>, <model_training.data_preprocessing.augmentation.brightness_contrast_augmentation.BrightnessContrastAugmentation object at 0x7c2dbf736bf0>, <model_training.data_preprocessing.augmentation.elastic_augmentation.ElasticAugmentation object at 0x7c2dbf736aa0>]}
MASKING        : AnnotationMasking
                 {'radius': 8, 'border_margin': 5}
==================================================

Train: 1014 con estrellas + 285/950 vacías mantenidas
Train: 1299 | Test: 421 | Val: 421
train_images: torch.Size([1299, 256, 256, 1])
train_masks: torch.Size([1299, 256, 256])
Valores únicos train_masks: tensor([0, 1])
Pixels estrella train: 300475
Valores únicos val_masks: tensor([0, 1])
Pixels estrella val: 64490
Imágenes con estrellas: 1014/1299
Train star pixels: 300475 / 85131264 = 0.3530%
Val   star pixels: 64490   / 27590656   = 0.2337%
Tamaño train: 1299
Tamaño val: 421
Train mask unique: [0, 1]
UNet4LevelsModule(
  (enc1): EncoderBlock(
    (conv): ConvBlock(
      (block): Sequential(
        (0): Conv2d(1, 64, kernel_size=(3, 3), stride=(1, 1), padding=(1, 1))
        (1): GroupNorm(8, 64, eps=1e-05, affine=True)
        (2): ReLU(inplace=True)
        (3): Conv2d(64, 64, kernel_size=(3, 3), stride=(1, 1), padding=(1, 1))
        (4): GroupNorm(8, 64, eps=1e-05, affine=True)
        (5): ReLU(inplace=True)
      )
    )
    (pool): MaxPool2d(kernel_size=2, stride=2, padding=0, dilation=1, ceil_mode=False)
  )
  (enc2): EncoderBlock(
    (conv): ConvBlock(
      (block): Sequential(
        (0): Conv2d(64, 128, kernel_size=(3, 3), stride=(1, 1), padding=(1, 1))
        (1): GroupNorm(8, 128, eps=1e-05, affine=True)
        (2): ReLU(inplace=True)
        (3): Conv2d(128, 128, kernel_size=(3, 3), stride=(1, 1), padding=(1, 1))
        (4): GroupNorm(8, 128, eps=1e-05, affine=True)
        (5): ReLU(inplace=True)
      )
    )
    (pool): MaxPool2d(kernel_size=2, stride=2, padding=0, dilation=1, ceil_mode=False)
  )
  (enc3): EncoderBlock(
    (conv): ConvBlock(
      (block): Sequential(
        (0): Conv2d(128, 256, kernel_size=(3, 3), stride=(1, 1), padding=(1, 1))
        (1): GroupNorm(8, 256, eps=1e-05, affine=True)
        (2): ReLU(inplace=True)
        (3): Conv2d(256, 256, kernel_size=(3, 3), stride=(1, 1), padding=(1, 1))
        (4): GroupNorm(8, 256, eps=1e-05, affine=True)
        (5): ReLU(inplace=True)
      )
    )
    (pool): MaxPool2d(kernel_size=2, stride=2, padding=0, dilation=1, ceil_mode=False)
  )
  (enc4): EncoderBlock(
    (conv): ConvBlock(
      (block): Sequential(
        (0): Conv2d(256, 512, kernel_size=(3, 3), stride=(1, 1), padding=(1, 1))
        (1): GroupNorm(8, 512, eps=1e-05, affine=True)
        (2): ReLU(inplace=True)
        (3): Conv2d(512, 512, kernel_size=(3, 3), stride=(1, 1), padding=(1, 1))
        (4): GroupNorm(8, 512, eps=1e-05, affine=True)
        (5): ReLU(inplace=True)
      )
    )
    (pool): MaxPool2d(kernel_size=2, stride=2, padding=0, dilation=1, ceil_mode=False)
  )
  (bridge): ConvBlock(
    (block): Sequential(
      (0): Conv2d(512, 1024, kernel_size=(3, 3), stride=(1, 1), padding=(1, 1))
      (1): GroupNorm(8, 1024, eps=1e-05, affine=True)
      (2): ReLU(inplace=True)
      (3): Conv2d(1024, 1024, kernel_size=(3, 3), stride=(1, 1), padding=(1, 1))
      (4): GroupNorm(8, 1024, eps=1e-05, affine=True)
      (5): ReLU(inplace=True)
    )
  )
  (dec4): DecoderBlock(
    (upsample): ConvTranspose2d(1024, 512, kernel_size=(2, 2), stride=(2, 2))
    (conv_block): ConvBlock(
      (block): Sequential(
        (0): Conv2d(1024, 512, kernel_size=(3, 3), stride=(1, 1), padding=(1, 1))
        (1): GroupNorm(8, 512, eps=1e-05, affine=True)
        (2): ReLU(inplace=True)
        (3): Conv2d(512, 512, kernel_size=(3, 3), stride=(1, 1), padding=(1, 1))
        (4): GroupNorm(8, 512, eps=1e-05, affine=True)
        (5): ReLU(inplace=True)
      )
    )
  )
  (dec3): DecoderBlock(
    (upsample): ConvTranspose2d(512, 256, kernel_size=(2, 2), stride=(2, 2))
    (conv_block): ConvBlock(
      (block): Sequential(
        (0): Conv2d(512, 256, kernel_size=(3, 3), stride=(1, 1), padding=(1, 1))
        (1): GroupNorm(8, 256, eps=1e-05, affine=True)
        (2): ReLU(inplace=True)
        (3): Conv2d(256, 256, kernel_size=(3, 3), stride=(1, 1), padding=(1, 1))
        (4): GroupNorm(8, 256, eps=1e-05, affine=True)
        (5): ReLU(inplace=True)
      )
    )
  )
  (dec2): DecoderBlock(
    (upsample): ConvTranspose2d(256, 128, kernel_size=(2, 2), stride=(2, 2))
    (conv_block): ConvBlock(
      (block): Sequential(
        (0): Conv2d(256, 128, kernel_size=(3, 3), stride=(1, 1), padding=(1, 1))
        (1): GroupNorm(8, 128, eps=1e-05, affine=True)
        (2): ReLU(inplace=True)
        (3): Conv2d(128, 128, kernel_size=(3, 3), stride=(1, 1), padding=(1, 1))
        (4): GroupNorm(8, 128, eps=1e-05, affine=True)
        (5): ReLU(inplace=True)
      )
    )
  )
  (dec1): DecoderBlock(
    (upsample): ConvTranspose2d(128, 64, kernel_size=(2, 2), stride=(2, 2))
    (conv_block): ConvBlock(
      (block): Sequential(
        (0): Conv2d(128, 64, kernel_size=(3, 3), stride=(1, 1), padding=(1, 1))
        (1): GroupNorm(8, 64, eps=1e-05, affine=True)
        (2): ReLU(inplace=True)
        (3): Conv2d(64, 64, kernel_size=(3, 3), stride=(1, 1), padding=(1, 1))
        (4): GroupNorm(8, 64, eps=1e-05, affine=True)
        (5): ReLU(inplace=True)
      )
    )
  )
  (output_conv): Conv2d(64, 1, kernel_size=(1, 1), stride=(1, 1))
  (final_activation): Sigmoid()
)
Epoch   1/150 [1m 57.24s]
  TRAIN  loss: 0.4180  iou: 0.1158  f1: 0.2024  prec: 0.2331  rec: 0.2583  spec: 0.9967
  VAL    loss: 0.4214  iou: 0.1321  f1: 0.2256  prec: 0.2220  rec: 0.3336  spec: 0.9982
  ✓ Checkpoint saved (model-2026_06_22-17_22_44.ckpt.pt)
  LR: 1.00e-03
Epoch   2/150 [1m 22.21s]
  TRAIN  loss: 0.3878  iou: 0.1557  f1: 0.2643  prec: 0.2899  rec: 0.3053  spec: 0.9978
  VAL    loss: 0.4124  iou: 0.1374  f1: 0.2343  prec: 0.2243  rec: 0.3571  spec: 0.9981
  ✓ Checkpoint saved (model-2026_06_22-17_22_44.ckpt.pt)
  LR: 1.00e-03
Epoch   3/150 [1m 22.85s]
  TRAIN  loss: 0.3717  iou: 0.1741  f1: 0.2910  prec: 0.3293  rec: 0.3383  spec: 0.9979
  VAL    loss: 0.4077  iou: 0.1459  f1: 0.2479  prec: 0.2370  rec: 0.3790  spec: 0.9981
  ✓ Checkpoint saved (model-2026_06_22-17_22_44.ckpt.pt)
  LR: 1.00e-03
Epoch   4/150 [1m 22.84s]
  TRAIN  loss: 0.3690  iou: 0.1757  f1: 0.2925  prec: 0.3211  rec: 0.3456  spec: 0.9980
  VAL    loss: 0.4038  iou: 0.1543  f1: 0.2599  prec: 0.2583  rec: 0.3737  spec: 0.9983
  ✓ Checkpoint saved (model-2026_06_22-17_22_44.ckpt.pt)
  LR: 1.00e-03
Epoch   5/150 [1m 21.39s]
  TRAIN  loss: 0.3619  iou: 0.1789  f1: 0.2971  prec: 0.3351  rec: 0.3273  spec: 0.9982
  VAL    loss: 0.3999  iou: 0.1444  f1: 0.2455  prec: 0.2343  rec: 0.3872  spec: 0.9980
  LR: 1.00e-03
Epoch   6/150 [1m 21.76s]
  TRAIN  loss: 0.3583  iou: 0.1831  f1: 0.3034  prec: 0.3335  rec: 0.3419  spec: 0.9981
  VAL    loss: 0.4045  iou: 0.1424  f1: 0.2432  prec: 0.2181  rec: 0.4099  spec: 0.9977
  LR: 1.00e-03
Epoch   7/150 [1m 21.36s]
  TRAIN  loss: 0.3565  iou: 0.1894  f1: 0.3121  prec: 0.3478  rec: 0.3641  spec: 0.9982
  VAL    loss: 0.4021  iou: 0.1452  f1: 0.2466  prec: 0.2329  rec: 0.3900  spec: 0.9980
  LR: 1.00e-03
