Loading Frigate dataset...
Loaded 1162 Frigate pairs

==================================================
EXPERIMENT CONFIGURATION
==================================================
NORMALIZATION  : IdentityNormalization
LOSS           : CombinedLoss
                 {'loss_a': 'DiceLoss', 'loss_b': 'FocalLossModule', 'weight_a': 0.5, 'weight_b': 0.5}
MODEL          : UNet3Levels
                 {'prior_prob': 0.008}
AUGMENTATION   : FlipRotateAugmentation
                 {'use_flips': True, 'use_rotations': True}
MASKING        : None
==================================================

Train: 38 con estrellas + 232/775 vacías mantenidas
Train: 270 | Test: 174 | Val: 175
Densidad positivos: 0.0001%
IoU perfecto (0 FP): 1.0000 → 1.0
IoU con 1% FP adicional: 0.0001
IoU con 0.5% FP adicional: 0.0001
train_images: torch.Size([270, 256, 256, 1])
train_masks: torch.Size([270, 256, 256])
Valores únicos train_masks: tensor([0, 1])
Pixels estrella train: 38
Valores únicos val_masks: tensor([0, 1])
Pixels estrella val: 6
Imágenes con estrellas: 38/270
Train star pixels: 38 / 17694720 = 0.0002%
Val   star pixels: 6   / 11468800   = 0.0001%
Tamaño train: 270
Tamaño val: 175
Train mask unique: [0, 1]
UNet3LevelsModule(
  (enc1): EncoderBlock(
    (conv): ConvBlock(
      (block): Sequential(
        (0): Conv2d(1, 64, kernel_size=(3, 3), stride=(1, 1), padding=(1, 1))
        (1): GroupNorm(8, 64, eps=1e-05, affine=True)
        (2): ReLU(inplace=True)
        (3): Conv2d(64, 64, kernel_size=(3, 3), stride=(1, 1), padding=(1, 1))
        (4): GroupNorm(8, 64, eps=1e-05, affine=True)
        (5): ReLU(inplace=True)
      )
    )
    (pool): MaxPool2d(kernel_size=2, stride=2, padding=0, dilation=1, ceil_mode=False)
  )
  (enc2): EncoderBlock(
    (conv): ConvBlock(
      (block): Sequential(
        (0): Conv2d(64, 128, kernel_size=(3, 3), stride=(1, 1), padding=(1, 1))
        (1): GroupNorm(8, 128, eps=1e-05, affine=True)
        (2): ReLU(inplace=True)
        (3): Conv2d(128, 128, kernel_size=(3, 3), stride=(1, 1), padding=(1, 1))
        (4): GroupNorm(8, 128, eps=1e-05, affine=True)
        (5): ReLU(inplace=True)
      )
    )
    (pool): MaxPool2d(kernel_size=2, stride=2, padding=0, dilation=1, ceil_mode=False)
  )
  (enc3): EncoderBlock(
    (conv): ConvBlock(
      (block): Sequential(
        (0): Conv2d(128, 256, kernel_size=(3, 3), stride=(1, 1), padding=(1, 1))
        (1): GroupNorm(8, 256, eps=1e-05, affine=True)
        (2): ReLU(inplace=True)
        (3): Conv2d(256, 256, kernel_size=(3, 3), stride=(1, 1), padding=(1, 1))
        (4): GroupNorm(8, 256, eps=1e-05, affine=True)
        (5): ReLU(inplace=True)
      )
    )
    (pool): MaxPool2d(kernel_size=2, stride=2, padding=0, dilation=1, ceil_mode=False)
  )
  (bridge): ConvBlock(
    (block): Sequential(
      (0): Conv2d(256, 512, kernel_size=(3, 3), stride=(1, 1), padding=(1, 1))
      (1): GroupNorm(8, 512, eps=1e-05, affine=True)
      (2): ReLU(inplace=True)
      (3): Conv2d(512, 512, kernel_size=(3, 3), stride=(1, 1), padding=(1, 1))
      (4): GroupNorm(8, 512, eps=1e-05, affine=True)
      (5): ReLU(inplace=True)
    )
  )
  (dec3): DecoderBlock(
    (upsample): ConvTranspose2d(512, 256, kernel_size=(2, 2), stride=(2, 2))
    (conv_block): ConvBlock(
      (block): Sequential(
        (0): Conv2d(512, 256, kernel_size=(3, 3), stride=(1, 1), padding=(1, 1))
        (1): GroupNorm(8, 256, eps=1e-05, affine=True)
        (2): ReLU(inplace=True)
        (3): Conv2d(256, 256, kernel_size=(3, 3), stride=(1, 1), padding=(1, 1))
        (4): GroupNorm(8, 256, eps=1e-05, affine=True)
        (5): ReLU(inplace=True)
      )
    )
  )
  (dec2): DecoderBlock(
    (upsample): ConvTranspose2d(256, 128, kernel_size=(2, 2), stride=(2, 2))
    (conv_block): ConvBlock(
      (block): Sequential(
        (0): Conv2d(256, 128, kernel_size=(3, 3), stride=(1, 1), padding=(1, 1))
        (1): GroupNorm(8, 128, eps=1e-05, affine=True)
        (2): ReLU(inplace=True)
        (3): Conv2d(128, 128, kernel_size=(3, 3), stride=(1, 1), padding=(1, 1))
        (4): GroupNorm(8, 128, eps=1e-05, affine=True)
        (5): ReLU(inplace=True)
      )
    )
  )
  (dec1): DecoderBlock(
    (upsample): ConvTranspose2d(128, 64, kernel_size=(2, 2), stride=(2, 2))
    (conv_block): ConvBlock(
      (block): Sequential(
        (0): Conv2d(128, 64, kernel_size=(3, 3), stride=(1, 1), padding=(1, 1))
        (1): GroupNorm(8, 64, eps=1e-05, affine=True)
        (2): ReLU(inplace=True)
        (3): Conv2d(64, 64, kernel_size=(3, 3), stride=(1, 1), padding=(1, 1))
        (4): GroupNorm(8, 64, eps=1e-05, affine=True)
        (5): ReLU(inplace=True)
      )
    )
  )
  (output_conv): Conv2d(64, 1, kernel_size=(1, 1), stride=(1, 1))
  (final_activation): Sigmoid()
)
Epoch   1/100 [34.15s]
  TRAIN  loss: 0.5000  iou: 0.5294  f1: 0.5294  prec: 1.0000  rec: 0.5294  spec: 1.0000
  VAL    loss: 0.5000  iou: 0.8636  f1: 0.8636  prec: 1.0000  rec: 0.8636  spec: 1.0000
  ✓ Checkpoint saved (model-2026_07_09-18_53_26.ckpt.pt)
  LR: 1.00e-03
Epoch   2/100 [13.18s]
  TRAIN  loss: 0.5000  iou: 0.5000  f1: 0.5000  prec: 1.0000  rec: 0.5000  spec: 1.0000
  VAL    loss: 0.5000  iou: 0.8636  f1: 0.8636  prec: 1.0000  rec: 0.8636  spec: 1.0000
  LR: 1.00e-03
Epoch   3/100 [13.38s]
  TRAIN  loss: 0.5000  iou: 0.5294  f1: 0.5294  prec: 1.0000  rec: 0.5294  spec: 1.0000
  VAL    loss: 0.5000  iou: 0.8636  f1: 0.8636  prec: 1.0000  rec: 0.8636  spec: 1.0000
  LR: 1.00e-03
Epoch   4/100 [13.31s]
  TRAIN  loss: 0.5000  iou: 0.5735  f1: 0.5735  prec: 1.0000  rec: 0.5735  spec: 1.0000
  VAL    loss: 0.5000  iou: 0.8636  f1: 0.8636  prec: 1.0000  rec: 0.8636  spec: 1.0000
  LR: 1.00e-03
Epoch   5/100 [13.13s]
  TRAIN  loss: 0.5000  iou: 0.5882  f1: 0.5882  prec: 1.0000  rec: 0.5882  spec: 1.0000
  VAL    loss: 0.5000  iou: 0.8636  f1: 0.8636  prec: 1.0000  rec: 0.8636  spec: 1.0000
  LR: 1.00e-03
Epoch   6/100 [13.15s]
  TRAIN  loss: 0.5000  iou: 0.5735  f1: 0.5735  prec: 1.0000  rec: 0.5735  spec: 1.0000
  VAL    loss: 0.5000  iou: 0.8636  f1: 0.8636  prec: 1.0000  rec: 0.8636  spec: 1.0000
  LR: 1.00e-03
Epoch   7/100 [13.04s]
  TRAIN  loss: 0.5000  iou: 0.5441  f1: 0.5441  prec: 1.0000  rec: 0.5441  spec: 1.0000
  VAL    loss: 0.5000  iou: 0.8636  f1: 0.8636  prec: 1.0000  rec: 0.8636  spec: 1.0000
  LR: 1.00e-03
Epoch   8/100 [13.05s]
  TRAIN  loss: 0.5000  iou: 0.5147  f1: 0.5147  prec: 1.0000  rec: 0.5147  spec: 1.0000
  VAL    loss: 0.5000  iou: 0.8636  f1: 0.8636  prec: 1.0000  rec: 0.8636  spec: 1.0000
  LR: 1.00e-03
