Loading Frigate dataset...
Loaded 116 Frigate pairs

==================================================
EXPERIMENT CONFIGURATION
==================================================
NORMALIZATION  : IdentityNormalization
LOSS           : CombinedLoss
                 {'loss_a': 'DiceLoss', 'loss_b': 'FocalLossModule', 'weight_a': 0.5, 'weight_b': 0.5}
MODEL          : UNet3Levels
                 {'prior_prob': 0.008}
AUGMENTATION   : FlipRotateAugmentation
                 {'use_flips': True, 'use_rotations': True}
MASKING        : None
==================================================

Train: 0 con estrellas + 24/81 vacías mantenidas
Train: 24 | Test: 17 | Val: 18
Densidad positivos: 0.0000%
IoU perfecto (0 FP): 0.0000 (no hay positivos)
IoU con 1% FP adicional: 0.0000
IoU con 0.5% FP adicional: 0.0000
train_images: torch.Size([24, 256, 256, 1])
train_masks: torch.Size([24, 256, 256])
Valores únicos train_masks: tensor([0])
Pixels estrella train: 0
Valores únicos val_masks: tensor([0])
Pixels estrella val: 0
Imágenes con estrellas: 0/24
Train star pixels: 0 / 1572864 = 0.0000%
Val   star pixels: 0   / 1179648   = 0.0000%
Tamaño train: 24
Tamaño val: 18
Train mask unique: [0]
UNet3LevelsModule(
  (enc1): EncoderBlock(
    (conv): ConvBlock(
      (block): Sequential(
        (0): Conv2d(1, 64, kernel_size=(3, 3), stride=(1, 1), padding=(1, 1))
        (1): GroupNorm(8, 64, eps=1e-05, affine=True)
        (2): ReLU(inplace=True)
        (3): Conv2d(64, 64, kernel_size=(3, 3), stride=(1, 1), padding=(1, 1))
        (4): GroupNorm(8, 64, eps=1e-05, affine=True)
        (5): ReLU(inplace=True)
      )
    )
    (pool): MaxPool2d(kernel_size=2, stride=2, padding=0, dilation=1, ceil_mode=False)
  )
  (enc2): EncoderBlock(
    (conv): ConvBlock(
      (block): Sequential(
        (0): Conv2d(64, 128, kernel_size=(3, 3), stride=(1, 1), padding=(1, 1))
        (1): GroupNorm(8, 128, eps=1e-05, affine=True)
        (2): ReLU(inplace=True)
        (3): Conv2d(128, 128, kernel_size=(3, 3), stride=(1, 1), padding=(1, 1))
        (4): GroupNorm(8, 128, eps=1e-05, affine=True)
        (5): ReLU(inplace=True)
      )
    )
    (pool): MaxPool2d(kernel_size=2, stride=2, padding=0, dilation=1, ceil_mode=False)
  )
  (enc3): EncoderBlock(
    (conv): ConvBlock(
      (block): Sequential(
        (0): Conv2d(128, 256, kernel_size=(3, 3), stride=(1, 1), padding=(1, 1))
        (1): GroupNorm(8, 256, eps=1e-05, affine=True)
        (2): ReLU(inplace=True)
        (3): Conv2d(256, 256, kernel_size=(3, 3), stride=(1, 1), padding=(1, 1))
        (4): GroupNorm(8, 256, eps=1e-05, affine=True)
        (5): ReLU(inplace=True)
      )
    )
    (pool): MaxPool2d(kernel_size=2, stride=2, padding=0, dilation=1, ceil_mode=False)
  )
  (bridge): ConvBlock(
    (block): Sequential(
      (0): Conv2d(256, 512, kernel_size=(3, 3), stride=(1, 1), padding=(1, 1))
      (1): GroupNorm(8, 512, eps=1e-05, affine=True)
      (2): ReLU(inplace=True)
      (3): Conv2d(512, 512, kernel_size=(3, 3), stride=(1, 1), padding=(1, 1))
      (4): GroupNorm(8, 512, eps=1e-05, affine=True)
      (5): ReLU(inplace=True)
    )
  )
  (dec3): DecoderBlock(
    (upsample): ConvTranspose2d(512, 256, kernel_size=(2, 2), stride=(2, 2))
    (conv_block): ConvBlock(
      (block): Sequential(
        (0): Conv2d(512, 256, kernel_size=(3, 3), stride=(1, 1), padding=(1, 1))
        (1): GroupNorm(8, 256, eps=1e-05, affine=True)
        (2): ReLU(inplace=True)
        (3): Conv2d(256, 256, kernel_size=(3, 3), stride=(1, 1), padding=(1, 1))
        (4): GroupNorm(8, 256, eps=1e-05, affine=True)
        (5): ReLU(inplace=True)
      )
    )
  )
  (dec2): DecoderBlock(
    (upsample): ConvTranspose2d(256, 128, kernel_size=(2, 2), stride=(2, 2))
    (conv_block): ConvBlock(
      (block): Sequential(
        (0): Conv2d(256, 128, kernel_size=(3, 3), stride=(1, 1), padding=(1, 1))
        (1): GroupNorm(8, 128, eps=1e-05, affine=True)
        (2): ReLU(inplace=True)
        (3): Conv2d(128, 128, kernel_size=(3, 3), stride=(1, 1), padding=(1, 1))
        (4): GroupNorm(8, 128, eps=1e-05, affine=True)
        (5): ReLU(inplace=True)
      )
    )
  )
  (dec1): DecoderBlock(
    (upsample): ConvTranspose2d(128, 64, kernel_size=(2, 2), stride=(2, 2))
    (conv_block): ConvBlock(
      (block): Sequential(
        (0): Conv2d(128, 64, kernel_size=(3, 3), stride=(1, 1), padding=(1, 1))
        (1): GroupNorm(8, 64, eps=1e-05, affine=True)
        (2): ReLU(inplace=True)
        (3): Conv2d(64, 64, kernel_size=(3, 3), stride=(1, 1), padding=(1, 1))
        (4): GroupNorm(8, 64, eps=1e-05, affine=True)
        (5): ReLU(inplace=True)
      )
    )
  )
  (output_conv): Conv2d(64, 1, kernel_size=(1, 1), stride=(1, 1))
  (final_activation): Sigmoid()
)
Epoch   1/100 [15.04s]
  TRAIN  loss: 0.5000  iou: 1.0000  f1: 1.0000  prec: 1.0000  rec: 1.0000  spec: 1.0000
  VAL    loss: 0.5000  iou: 1.0000  f1: 1.0000  prec: 1.0000  rec: 1.0000  spec: 1.0000
  ✓ Checkpoint saved (model-2026_07_09-16_24_39.ckpt.pt)
  LR: 1.00e-03
