Loading dataset...
Skipping 110: FITS image not found: /app/data/dataset/110/110-image.fits
Skipping 11000012: Empty FITS image
Skipping 11000013: Empty FITS image
Skipping 11000042: Empty FITS image
Skipping 11000069: Empty FITS image
Skipping 11000088: Empty FITS image
Skipping 11000103: Empty FITS image
Skipping 11000109: Empty FITS image
Skipping 11000130: Empty FITS image
Skipping 11000149: Empty FITS image
Skipping 11000183: Empty FITS image
Skipping 11000206: Empty FITS image
Skipping 11000231: Empty FITS image
Skipping 11000248: Empty FITS image
Skipping 11000259: Empty FITS image
Skipping 11000278: Empty FITS image
Skipping 11000293: Empty FITS image
Skipping 11000318: Empty FITS image
Skipping 11000333: Empty FITS image
Skipping 11000348: Empty FITS image
Skipping 11000375: Empty FITS image
Skipping 11000410: Empty FITS image
Skipping 11000425: Empty FITS image
Skipping 11000448: Empty FITS image
Skipping 11000463: Empty FITS image
Skipping 11000480: Empty FITS image
Skipping 11000505: Empty FITS image
Skipping 11000513: Empty FITS image
Skipping 11000541: Empty FITS image
Skipping 11000560: Empty FITS image
Skipping 11000583: Empty FITS image
Skipping 11000601: Empty FITS image
Skipping 11000629: Empty FITS image
Skipping 11000652: Empty FITS image
Skipping 11000676: Empty FITS image
Skipping 11000723: Empty FITS image
Skipping 11000737: Empty FITS image
Skipping 11000750: Empty FITS image
Skipping 11000778: Empty FITS image
Skipping 11000803: Empty FITS image
Skipping 11000831: Empty FITS image
Skipping 11000834: Empty FITS image
Skipping 11000866: Empty FITS image
Skipping 11000868: Empty FITS image
Skipping 11000878: Empty FITS image
Skipping 11000880: Empty FITS image
Skipping 11000908: Empty FITS image
Skipping 11000909: Empty FITS image
Skipping 11000939: Empty FITS image
Skipping 11000941: Empty FITS image
Skipping 11000971: Empty FITS image
Skipping 11000998: Empty FITS image
Skipping 11001034: Empty FITS image
Skipping 11001048: Empty FITS image
Skipping 11001075: Empty FITS image
Skipping 11001103: Empty FITS image
Skipping 11001122: Empty FITS image
Skipping 11001138: Empty FITS image
Skipping 11001153: Empty FITS image
Skipping 11001182: Empty FITS image
Skipping 11001206: Empty FITS image
Skipping 11001236: Empty FITS image
Skipping 11001243: Empty FITS image
Skipping 11001261: Empty FITS image
Skipping 11001293: Empty FITS image
Skipping 11001312: Empty FITS image
Skipping 11001341: Empty FITS image
Skipping 11001352: Empty FITS image
Skipping 11001381: Empty FITS image
Skipping 11001415: Empty FITS image
Skipping 11001433: Empty FITS image
Skipping 11001465: Empty FITS image
WARNING: File may have been truncated: actual file length (114688) is smaller than the expected size (4360320) [astropy.io.fits.file]
Skipping 1544015: buffer is too small for requested array
WARNING: File may have been truncated: actual file length (2208960) is smaller than the expected size (2211840) [astropy.io.fits.file]
Skipping 1544965: buffer is too small for requested array
WARNING: File may have been truncated: actual file length (16963200) is smaller than the expected size (16966080) [astropy.io.fits.file]
Skipping 1545008: buffer is too small for requested array
Skipping 1545510: AXY file not found: /app/data/dataset/1545510/1545510-axy.fits
NaN después de normalizar en 1545519, saltando
Skipping 1545994: Empty FITS image
Skipping 1546048: Empty FITS image
Skipping 1546051: Empty FITS image
Skipping 1546056: Empty FITS image
Skipping 1546104: Empty FITS image
Skipping 1546107: Empty FITS image
Skipping 1546125: Empty FITS image
Skipping 1546130: Empty FITS image
Skipping 1546168: Empty FITS image
Skipping 1546224: Empty FITS image
Skipping 1546226: Empty FITS image
Skipping 1546232: Empty FITS image
Skipping 1546271: Empty FITS image
Skipping 1546307: Empty FITS image
Skipping 1546343: Empty FITS image
Skipping 1546346: Empty FITS image
WARNING: File may have been truncated: actual file length (671040) is smaller than the expected size (673920) [astropy.io.fits.file]
Skipping 1547405: buffer is too small for requested array
Skipping 1547958: Empty FITS image
Skipping 1547963: Empty FITS image
Skipping 1548078: Empty FITS image
WARNING: File may have been truncated: actual file length (6512640) is smaller than the expected size (7948800) [astropy.io.fits.file]
Skipping 1548240: buffer is too small for requested array
Skipping 27: FITS image not found: /app/data/dataset/27/27-image.fits
Skipping cache: FITS image not found: /app/data/dataset/cache/cache-image.fits
Dataset loaded: 2806 entries

==================================================
EXPERIMENT CONFIGURATION
==================================================
NORMALIZATION  : LogPercentileNormalization
                 {'lowest_percentile': 1.0, 'highest_percentile': 99.9}
LOSS           : CombinedLoss
                 {'loss_a': 'DiceLoss', 'loss_b': 'FocalLossModule', 'weight_a': 0.5, 'weight_b': 0.5}
MODEL          : UNet3Levels
                 {'prior_prob': 0.008}
AUGMENTATION   : FlipRotateAugmentation
                 {'use_flips': True, 'use_rotations': True}
MASKING        : AnnotationMasking
                 {'radius': 6, 'border_margin': 5}
==================================================

Train: 1014 con estrellas + 285/950 vacías mantenidas
Train: 1299 | Test: 421 | Val: 421
Densidad positivos: 0.2337%
IoU perfecto (0 FP): 1.0000 → 1.0
IoU con 1% FP adicional: 0.1895
IoU con 0.5% FP adicional: 0.3186
train_images: torch.Size([1299, 256, 256, 1])
train_masks: torch.Size([1299, 256, 256])
Valores únicos train_masks: tensor([0, 1])
Pixels estrella train: 300475
Valores únicos val_masks: tensor([0, 1])
Pixels estrella val: 64490
Imágenes con estrellas: 1014/1299
Train star pixels: 300475 / 85131264 = 0.3530%
Val   star pixels: 64490   / 27590656   = 0.2337%
Tamaño train: 1299
Tamaño val: 421
Train mask unique: [0, 1]
UNet3LevelsModule(
  (enc1): EncoderBlock(
    (conv): ConvBlock(
      (block): Sequential(
        (0): Conv2d(1, 64, kernel_size=(3, 3), stride=(1, 1), padding=(1, 1))
        (1): GroupNorm(8, 64, eps=1e-05, affine=True)
        (2): ReLU(inplace=True)
        (3): Conv2d(64, 64, kernel_size=(3, 3), stride=(1, 1), padding=(1, 1))
        (4): GroupNorm(8, 64, eps=1e-05, affine=True)
        (5): ReLU(inplace=True)
      )
    )
    (pool): MaxPool2d(kernel_size=2, stride=2, padding=0, dilation=1, ceil_mode=False)
  )
  (enc2): EncoderBlock(
    (conv): ConvBlock(
      (block): Sequential(
        (0): Conv2d(64, 128, kernel_size=(3, 3), stride=(1, 1), padding=(1, 1))
        (1): GroupNorm(8, 128, eps=1e-05, affine=True)
        (2): ReLU(inplace=True)
        (3): Conv2d(128, 128, kernel_size=(3, 3), stride=(1, 1), padding=(1, 1))
        (4): GroupNorm(8, 128, eps=1e-05, affine=True)
        (5): ReLU(inplace=True)
      )
    )
    (pool): MaxPool2d(kernel_size=2, stride=2, padding=0, dilation=1, ceil_mode=False)
  )
  (enc3): EncoderBlock(
    (conv): ConvBlock(
      (block): Sequential(
        (0): Conv2d(128, 256, kernel_size=(3, 3), stride=(1, 1), padding=(1, 1))
        (1): GroupNorm(8, 256, eps=1e-05, affine=True)
        (2): ReLU(inplace=True)
        (3): Conv2d(256, 256, kernel_size=(3, 3), stride=(1, 1), padding=(1, 1))
        (4): GroupNorm(8, 256, eps=1e-05, affine=True)
        (5): ReLU(inplace=True)
      )
    )
    (pool): MaxPool2d(kernel_size=2, stride=2, padding=0, dilation=1, ceil_mode=False)
  )
  (bridge): ConvBlock(
    (block): Sequential(
      (0): Conv2d(256, 512, kernel_size=(3, 3), stride=(1, 1), padding=(1, 1))
      (1): GroupNorm(8, 512, eps=1e-05, affine=True)
      (2): ReLU(inplace=True)
      (3): Conv2d(512, 512, kernel_size=(3, 3), stride=(1, 1), padding=(1, 1))
      (4): GroupNorm(8, 512, eps=1e-05, affine=True)
      (5): ReLU(inplace=True)
    )
  )
  (dec3): DecoderBlock(
    (upsample): ConvTranspose2d(512, 256, kernel_size=(2, 2), stride=(2, 2))
    (conv_block): ConvBlock(
      (block): Sequential(
        (0): Conv2d(512, 256, kernel_size=(3, 3), stride=(1, 1), padding=(1, 1))
        (1): GroupNorm(8, 256, eps=1e-05, affine=True)
        (2): ReLU(inplace=True)
        (3): Conv2d(256, 256, kernel_size=(3, 3), stride=(1, 1), padding=(1, 1))
        (4): GroupNorm(8, 256, eps=1e-05, affine=True)
        (5): ReLU(inplace=True)
      )
    )
  )
  (dec2): DecoderBlock(
    (upsample): ConvTranspose2d(256, 128, kernel_size=(2, 2), stride=(2, 2))
    (conv_block): ConvBlock(
      (block): Sequential(
        (0): Conv2d(256, 128, kernel_size=(3, 3), stride=(1, 1), padding=(1, 1))
        (1): GroupNorm(8, 128, eps=1e-05, affine=True)
        (2): ReLU(inplace=True)
        (3): Conv2d(128, 128, kernel_size=(3, 3), stride=(1, 1), padding=(1, 1))
        (4): GroupNorm(8, 128, eps=1e-05, affine=True)
        (5): ReLU(inplace=True)
      )
    )
  )
  (dec1): DecoderBlock(
    (upsample): ConvTranspose2d(128, 64, kernel_size=(2, 2), stride=(2, 2))
    (conv_block): ConvBlock(
      (block): Sequential(
        (0): Conv2d(128, 64, kernel_size=(3, 3), stride=(1, 1), padding=(1, 1))
        (1): GroupNorm(8, 64, eps=1e-05, affine=True)
        (2): ReLU(inplace=True)
        (3): Conv2d(64, 64, kernel_size=(3, 3), stride=(1, 1), padding=(1, 1))
        (4): GroupNorm(8, 64, eps=1e-05, affine=True)
        (5): ReLU(inplace=True)
      )
    )
  )
  (output_conv): Conv2d(64, 1, kernel_size=(1, 1), stride=(1, 1))
  (final_activation): Sigmoid()
)
Epoch   1/150 [1m 21.03s]
  TRAIN  loss: 0.3830  iou: 0.1698  f1: 0.2788  prec: 0.3373  rec: 0.3615  spec: 0.9970
  VAL    loss: 0.4086  iou: 0.1358  f1: 0.2325  prec: 0.1793  rec: 0.5163  spec: 0.9961
  ✓ Checkpoint saved (model-2026_06_23-09_25_35.ckpt.pt)
  LR: 1.00e-03
Epoch   2/150 [56.06s]
  TRAIN  loss: 0.3478  iou: 0.2072  f1: 0.3366  prec: 0.3608  rec: 0.3980  spec: 0.9981
  VAL    loss: 0.4009  iou: 0.1486  f1: 0.2528  prec: 0.2090  rec: 0.4895  spec: 0.9970
  ✓ Checkpoint saved (model-2026_06_23-09_25_35.ckpt.pt)
  LR: 1.00e-03
Epoch   3/150 [57.15s]
  TRAIN  loss: 0.3397  iou: 0.2150  f1: 0.3467  prec: 0.3867  rec: 0.3804  spec: 0.9984
  VAL    loss: 0.3921  iou: 0.1630  f1: 0.2727  prec: 0.2409  rec: 0.4681  spec: 0.9977
  ✓ Checkpoint saved (model-2026_06_23-09_25_35.ckpt.pt)
  LR: 1.00e-03
Epoch   4/150 [56.43s]
  TRAIN  loss: 0.3333  iou: 0.2236  f1: 0.3582  prec: 0.4015  rec: 0.3929  spec: 0.9984
  VAL    loss: 0.3922  iou: 0.1687  f1: 0.2808  prec: 0.2667  rec: 0.4334  spec: 0.9982
  ✓ Checkpoint saved (model-2026_06_23-09_25_35.ckpt.pt)
  LR: 1.00e-03
Epoch   5/150 [56.43s]
  TRAIN  loss: 0.3360  iou: 0.2206  f1: 0.3527  prec: 0.4024  rec: 0.3831  spec: 0.9985
  VAL    loss: 0.3996  iou: 0.1471  f1: 0.2500  prec: 0.2076  rec: 0.4826  spec: 0.9970
  LR: 1.00e-03
Epoch   6/150 [56.19s]
  TRAIN  loss: 0.3320  iou: 0.2209  f1: 0.3539  prec: 0.3974  rec: 0.3937  spec: 0.9984
  VAL    loss: 0.3984  iou: 0.1601  f1: 0.2689  prec: 0.2634  rec: 0.3968  spec: 0.9983
  LR: 1.00e-03
Epoch   7/150 [55.60s]
  TRAIN  loss: 0.3310  iou: 0.2273  f1: 0.3628  prec: 0.4011  rec: 0.4162  spec: 0.9984
  VAL    loss: 0.4046  iou: 0.1344  f1: 0.2307  prec: 0.2400  rec: 0.3368  spec: 0.9984
  LR: 1.00e-03
Epoch   8/150 [56.13s]
  TRAIN  loss: 0.3291  iou: 0.2270  f1: 0.3621  prec: 0.4047  rec: 0.3926  spec: 0.9984
  VAL    loss: 0.3950  iou: 0.1582  f1: 0.2665  prec: 0.2356  rec: 0.4629  spec: 0.9977
  LR: 1.00e-03
Epoch   9/150 [56.23s]
  TRAIN  loss: 0.3305  iou: 0.2287  f1: 0.3639  prec: 0.4036  rec: 0.3996  spec: 0.9984
  VAL    loss: 0.4018  iou: 0.1436  f1: 0.2438  prec: 0.2388  rec: 0.3657  spec: 0.9982
  LR: 1.00e-03
Epoch  10/150 [56.05s]
  TRAIN  loss: 0.3297  iou: 0.2263  f1: 0.3605  prec: 0.4138  rec: 0.3865  spec: 0.9985
  VAL    loss: 0.3937  iou: 0.1622  f1: 0.2724  prec: 0.2563  rec: 0.4315  spec: 0.9981
  LR: 1.00e-03
Epoch  11/150 [56.20s]
  TRAIN  loss: 0.3293  iou: 0.2294  f1: 0.3647  prec: 0.4122  rec: 0.3979  spec: 0.9985
  VAL    loss: 0.3976  iou: 0.1575  f1: 0.2652  prec: 0.2507  rec: 0.4099  spec: 0.9981
  LR: 1.00e-03
Epoch  12/150 [54.36s]
  TRAIN  loss: 0.3271  iou: 0.2289  f1: 0.3644  prec: 0.4076  rec: 0.4052  spec: 0.9985
  VAL    loss: 0.3906  iou: 0.1658  f1: 0.2772  prec: 0.2526  rec: 0.4543  spec: 0.9979
  LR: 1.00e-03
Epoch  13/150 [55.06s]
  TRAIN  loss: 0.3265  iou: 0.2280  f1: 0.3639  prec: 0.4114  rec: 0.3954  spec: 0.9985
  VAL    loss: 0.3970  iou: 0.1636  f1: 0.2744  prec: 0.2693  rec: 0.4060  spec: 0.9983
  LR: 1.00e-03
Epoch  14/150 [55.46s]
  TRAIN  loss: 0.3276  iou: 0.2300  f1: 0.3651  prec: 0.4112  rec: 0.3991  spec: 0.9985
  VAL    loss: 0.3951  iou: 0.1647  f1: 0.2744  prec: 0.2720  rec: 0.4019  spec: 0.9983
  LR: 1.00e-03
Epoch  15/150 [55.63s]
  TRAIN  loss: 0.3299  iou: 0.2272  f1: 0.3615  prec: 0.4110  rec: 0.3973  spec: 0.9985
  VAL    loss: 0.3906  iou: 0.1677  f1: 0.2785  prec: 0.2719  rec: 0.4125  spec: 0.9983
  LR: 5.00e-04
Epoch  16/150 [55.71s]
  TRAIN  loss: 0.3231  iou: 0.2334  f1: 0.3695  prec: 0.4154  rec: 0.4082  spec: 0.9985
  VAL    loss: 0.3889  iou: 0.1709  f1: 0.2837  prec: 0.2733  rec: 0.4302  spec: 0.9982
  ✓ Checkpoint saved (model-2026_06_23-09_25_35.ckpt.pt)
  LR: 5.00e-04
Epoch  17/150 [54.59s]
  TRAIN  loss: 0.3229  iou: 0.2333  f1: 0.3707  prec: 0.4246  rec: 0.4018  spec: 0.9986
  VAL    loss: 0.3904  iou: 0.1667  f1: 0.2778  prec: 0.2665  rec: 0.4285  spec: 0.9982
  LR: 5.00e-04
Epoch  18/150 [55.93s]
  TRAIN  loss: 0.3213  iou: 0.2344  f1: 0.3699  prec: 0.4241  rec: 0.3968  spec: 0.9986
  VAL    loss: 0.3915  iou: 0.1660  f1: 0.2769  prec: 0.2667  rec: 0.4213  spec: 0.9982
  LR: 5.00e-04
Epoch  19/150 [55.19s]
  TRAIN  loss: 0.3221  iou: 0.2368  f1: 0.3739  prec: 0.4280  rec: 0.4115  spec: 0.9986
  VAL    loss: 0.3938  iou: 0.1583  f1: 0.2648  prec: 0.2575  rec: 0.3926  spec: 0.9983
  LR: 5.00e-04
Epoch  20/150 [55.76s]
  TRAIN  loss: 0.3206  iou: 0.2314  f1: 0.3680  prec: 0.4178  rec: 0.3990  spec: 0.9985
  VAL    loss: 0.3930  iou: 0.1579  f1: 0.2647  prec: 0.2600  rec: 0.3963  spec: 0.9983
  LR: 5.00e-04
Epoch  21/150 [55.85s]
  TRAIN  loss: 0.3198  iou: 0.2375  f1: 0.3758  prec: 0.4302  rec: 0.3997  spec: 0.9986
  VAL    loss: 0.3906  iou: 0.1679  f1: 0.2787  prec: 0.2840  rec: 0.3883  spec: 0.9985
  LR: 5.00e-04
Epoch  22/150 [54.81s]
  TRAIN  loss: 0.3204  iou: 0.2373  f1: 0.3736  prec: 0.4332  rec: 0.3991  spec: 0.9986
  VAL    loss: 0.3889  iou: 0.1701  f1: 0.2825  prec: 0.2670  rec: 0.4388  spec: 0.9981
  LR: 5.00e-04
Epoch  23/150 [55.73s]
  TRAIN  loss: 0.3180  iou: 0.2420  f1: 0.3796  prec: 0.4335  rec: 0.4122  spec: 0.9986
  VAL    loss: 0.3886  iou: 0.1694  f1: 0.2807  prec: 0.2850  rec: 0.4008  spec: 0.9984
  LR: 5.00e-04
Epoch  24/150 [56.15s]
  TRAIN  loss: 0.3202  iou: 0.2318  f1: 0.3679  prec: 0.4231  rec: 0.3927  spec: 0.9985
  VAL    loss: 0.3962  iou: 0.1475  f1: 0.2499  prec: 0.2529  rec: 0.3654  spec: 0.9983
  LR: 5.00e-04
Epoch  25/150 [55.34s]
  TRAIN  loss: 0.3171  iou: 0.2410  f1: 0.3785  prec: 0.4397  rec: 0.3925  spec: 0.9987
  VAL    loss: 0.3858  iou: 0.1717  f1: 0.2849  prec: 0.2720  rec: 0.4409  spec: 0.9981
  ✓ Checkpoint saved (model-2026_06_23-09_25_35.ckpt.pt)
  LR: 5.00e-04
Epoch  26/150 [55.66s]
  TRAIN  loss: 0.3203  iou: 0.2317  f1: 0.3676  prec: 0.4232  rec: 0.4016  spec: 0.9986
  VAL    loss: 0.3863  iou: 0.1694  f1: 0.2815  prec: 0.2667  rec: 0.4385  spec: 0.9981
  LR: 5.00e-04
Epoch  27/150 [54.76s]
  TRAIN  loss: 0.3199  iou: 0.2361  f1: 0.3740  prec: 0.4289  rec: 0.4037  spec: 0.9986
  VAL    loss: 0.3948  iou: 0.1545  f1: 0.2599  prec: 0.2473  rec: 0.4040  spec: 0.9981
  LR: 5.00e-04
Epoch  28/150 [56.43s]
  TRAIN  loss: 0.3177  iou: 0.2413  f1: 0.3801  prec: 0.4212  rec: 0.4219  spec: 0.9985
  VAL    loss: 0.3898  iou: 0.1650  f1: 0.2742  prec: 0.2801  rec: 0.3851  spec: 0.9985
  LR: 5.00e-04
Epoch  29/150 [55.13s]
  TRAIN  loss: 0.3160  iou: 0.2403  f1: 0.3788  prec: 0.4359  rec: 0.4138  spec: 0.9986
  VAL    loss: 0.3865  iou: 0.1642  f1: 0.2743  prec: 0.2526  rec: 0.4588  spec: 0.9979
  LR: 5.00e-04
Epoch  30/150 [55.35s]
  TRAIN  loss: 0.3157  iou: 0.2447  f1: 0.3827  prec: 0.4232  rec: 0.4194  spec: 0.9985
  VAL    loss: 0.3879  iou: 0.1623  f1: 0.2722  prec: 0.2629  rec: 0.4184  spec: 0.9981
  LR: 5.00e-04
Epoch  31/150 [53.82s]
  TRAIN  loss: 0.3159  iou: 0.2396  f1: 0.3779  prec: 0.4314  rec: 0.4167  spec: 0.9986
  VAL    loss: 0.3904  iou: 0.1755  f1: 0.2902  prec: 0.3006  rec: 0.3969  spec: 0.9986
  ✓ Checkpoint saved (model-2026_06_23-09_25_35.ckpt.pt)
  LR: 5.00e-04
Epoch  32/150 [54.61s]
  TRAIN  loss: 0.3157  iou: 0.2370  f1: 0.3738  prec: 0.4251  rec: 0.4126  spec: 0.9985
  VAL    loss: 0.3871  iou: 0.1671  f1: 0.2782  prec: 0.2677  rec: 0.4205  spec: 0.9982
  LR: 5.00e-04
Epoch  33/150 [54.13s]
  TRAIN  loss: 0.3142  iou: 0.2410  f1: 0.3794  prec: 0.4356  rec: 0.4051  spec: 0.9986
  VAL    loss: 0.3842  iou: 0.1741  f1: 0.2887  prec: 0.2593  rec: 0.4806  spec: 0.9978
  LR: 5.00e-04
Epoch  34/150 [54.10s]
  TRAIN  loss: 0.3153  iou: 0.2390  f1: 0.3775  prec: 0.4276  rec: 0.4037  spec: 0.9985
  VAL    loss: 0.3837  iou: 0.1711  f1: 0.2840  prec: 0.2658  rec: 0.4554  spec: 0.9980
  LR: 5.00e-04
Epoch  35/150 [52.86s]
  TRAIN  loss: 0.3136  iou: 0.2464  f1: 0.3853  prec: 0.4434  rec: 0.3994  spec: 0.9987
  VAL    loss: 0.3853  iou: 0.1742  f1: 0.2877  prec: 0.2967  rec: 0.3964  spec: 0.9985
  LR: 5.00e-04
Epoch  36/150 [54.20s]
  TRAIN  loss: 0.3153  iou: 0.2403  f1: 0.3784  prec: 0.4333  rec: 0.4080  spec: 0.9986
  VAL    loss: 0.3845  iou: 0.1738  f1: 0.2869  prec: 0.2979  rec: 0.3937  spec: 0.9986
  LR: 5.00e-04
Epoch  37/150 [54.08s]
  TRAIN  loss: 0.3139  iou: 0.2470  f1: 0.3866  prec: 0.4370  rec: 0.4107  spec: 0.9986
  VAL    loss: 0.3874  iou: 0.1699  f1: 0.2815  prec: 0.2813  rec: 0.3981  spec: 0.9984
  LR: 5.00e-04
Epoch  38/150 [53.82s]
  TRAIN  loss: 0.3130  iou: 0.2466  f1: 0.3859  prec: 0.4419  rec: 0.4077  spec: 0.9986
  VAL    loss: 0.3851  iou: 0.1693  f1: 0.2821  prec: 0.2479  rec: 0.4893  spec: 0.9976
  LR: 5.00e-04
Epoch  39/150 [54.31s]
  TRAIN  loss: 0.3141  iou: 0.2466  f1: 0.3863  prec: 0.4423  rec: 0.4137  spec: 0.9986
  VAL    loss: 0.3881  iou: 0.1651  f1: 0.2747  prec: 0.2758  rec: 0.3942  spec: 0.9984
  LR: 5.00e-04
Epoch  40/150 [54.98s]
  TRAIN  loss: 0.3113  iou: 0.2483  f1: 0.3881  prec: 0.4382  rec: 0.4158  spec: 0.9986
  VAL    loss: 0.3823  iou: 0.1800  f1: 0.2966  prec: 0.2751  rec: 0.4729  spec: 0.9980
  ✓ Checkpoint saved (model-2026_06_23-09_25_35.ckpt.pt)
  LR: 5.00e-04
Epoch  41/150 [54.69s]
  TRAIN  loss: 0.3118  iou: 0.2475  f1: 0.3882  prec: 0.4313  rec: 0.4342  spec: 0.9985
  VAL    loss: 0.3824  iou: 0.1747  f1: 0.2892  prec: 0.2729  rec: 0.4480  spec: 0.9981
  LR: 5.00e-04
Epoch  42/150 [54.47s]
  TRAIN  loss: 0.3128  iou: 0.2445  f1: 0.3832  prec: 0.4373  rec: 0.4121  spec: 0.9986
  VAL    loss: 0.3844  iou: 0.1688  f1: 0.2807  prec: 0.2611  rec: 0.4513  spec: 0.9980
  LR: 5.00e-04
Epoch  43/150 [53.48s]
  TRAIN  loss: 0.3098  iou: 0.2466  f1: 0.3860  prec: 0.4353  rec: 0.4185  spec: 0.9986
  VAL    loss: 0.3865  iou: 0.1720  f1: 0.2854  prec: 0.2617  rec: 0.4578  spec: 0.9979
  LR: 5.00e-04
Epoch  44/150 [55.51s]
  TRAIN  loss: 0.3118  iou: 0.2423  f1: 0.3817  prec: 0.4407  rec: 0.3992  spec: 0.9986
  VAL    loss: 0.3855  iou: 0.1670  f1: 0.2788  prec: 0.2428  rec: 0.4891  spec: 0.9975
  LR: 5.00e-04
Epoch  45/150 [54.73s]
  TRAIN  loss: 0.3127  iou: 0.2473  f1: 0.3868  prec: 0.4386  rec: 0.4172  spec: 0.9986
  VAL    loss: 0.3799  iou: 0.1791  f1: 0.2954  prec: 0.2758  rec: 0.4642  spec: 0.9981
  LR: 5.00e-04
Epoch  46/150 [54.07s]
  TRAIN  loss: 0.3122  iou: 0.2459  f1: 0.3849  prec: 0.4386  rec: 0.4170  spec: 0.9986
  VAL    loss: 0.3847  iou: 0.1720  f1: 0.2856  prec: 0.2703  rec: 0.4496  spec: 0.9981
  LR: 5.00e-04
Epoch  47/150 [53.32s]
  TRAIN  loss: 0.3113  iou: 0.2475  f1: 0.3862  prec: 0.4361  rec: 0.4258  spec: 0.9985
  VAL    loss: 0.3865  iou: 0.1617  f1: 0.2703  prec: 0.2508  rec: 0.4451  spec: 0.9979
  LR: 5.00e-04
Epoch  48/150 [53.96s]
  TRAIN  loss: 0.3104  iou: 0.2502  f1: 0.3901  prec: 0.4353  rec: 0.4244  spec: 0.9985
  VAL    loss: 0.3887  iou: 0.1643  f1: 0.2747  prec: 0.2678  rec: 0.4079  spec: 0.9983
  LR: 5.00e-04
Epoch  49/150 [53.88s]
  TRAIN  loss: 0.3124  iou: 0.2475  f1: 0.3871  prec: 0.4383  rec: 0.4192  spec: 0.9985
  VAL    loss: 0.3849  iou: 0.1662  f1: 0.2774  prec: 0.2379  rec: 0.5050  spec: 0.9974
  LR: 5.00e-04
Epoch  50/150 [54.84s]
  TRAIN  loss: 0.3119  iou: 0.2516  f1: 0.3927  prec: 0.4425  rec: 0.4271  spec: 0.9986
  VAL    loss: 0.3895  iou: 0.1571  f1: 0.2639  prec: 0.2501  rec: 0.4151  spec: 0.9980
  LR: 5.00e-04
Epoch  51/150 [53.72s]
  TRAIN  loss: 0.3114  iou: 0.2460  f1: 0.3862  prec: 0.4390  rec: 0.4150  spec: 0.9986
  VAL    loss: 0.3846  iou: 0.1692  f1: 0.2816  prec: 0.2684  rec: 0.4315  spec: 0.9982
  LR: 2.50e-04
Epoch  52/150 [54.62s]
  TRAIN  loss: 0.3071  iou: 0.2551  f1: 0.3962  prec: 0.4445  rec: 0.4186  spec: 0.9986
  VAL    loss: 0.3852  iou: 0.1660  f1: 0.2765  prec: 0.2742  rec: 0.4052  spec: 0.9983
  LR: 2.50e-04
Epoch  53/150 [55.18s]
  TRAIN  loss: 0.3067  iou: 0.2557  f1: 0.3965  prec: 0.4554  rec: 0.4259  spec: 0.9987
  VAL    loss: 0.3840  iou: 0.1690  f1: 0.2812  prec: 0.2631  rec: 0.4436  spec: 0.9980
  LR: 2.50e-04
Epoch  54/150 [55.05s]
  TRAIN  loss: 0.3049  iou: 0.2574  f1: 0.3995  prec: 0.4563  rec: 0.4336  spec: 0.9986
  VAL    loss: 0.3846  iou: 0.1684  f1: 0.2797  prec: 0.2877  rec: 0.3910  spec: 0.9984
  LR: 2.50e-04
Epoch  55/150 [54.07s]
  TRAIN  loss: 0.3058  iou: 0.2550  f1: 0.3961  prec: 0.4362  rec: 0.4293  spec: 0.9985
  VAL    loss: 0.3847  iou: 0.1678  f1: 0.2783  prec: 0.2832  rec: 0.3897  spec: 0.9985
  LR: 2.50e-04
Epoch  56/150 [55.67s]
  TRAIN  loss: 0.3044  iou: 0.2542  f1: 0.3964  prec: 0.4455  rec: 0.4239  spec: 0.9986
  VAL    loss: 0.3830  iou: 0.1697  f1: 0.2811  prec: 0.2802  rec: 0.4030  spec: 0.9983
  LR: 2.50e-04
Epoch  57/150 [55.45s]
  TRAIN  loss: 0.3043  iou: 0.2571  f1: 0.3983  prec: 0.4557  rec: 0.4215  spec: 0.9987
  VAL    loss: 0.3841  iou: 0.1657  f1: 0.2767  prec: 0.2644  rec: 0.4254  spec: 0.9981
  LR: 2.50e-04
Epoch  58/150 [55.52s]
  TRAIN  loss: 0.3054  iou: 0.2628  f1: 0.4059  prec: 0.4581  rec: 0.4392  spec: 0.9986
  VAL    loss: 0.3847  iou: 0.1667  f1: 0.2776  prec: 0.2694  rec: 0.4186  spec: 0.9982
  LR: 2.50e-04
Epoch  59/150 [55.42s]
  TRAIN  loss: 0.3040  iou: 0.2550  f1: 0.3971  prec: 0.4509  rec: 0.4272  spec: 0.9986
  VAL    loss: 0.3823  iou: 0.1679  f1: 0.2789  prec: 0.2739  rec: 0.4125  spec: 0.9982
  LR: 2.50e-04
Epoch  60/150 [54.45s]
  TRAIN  loss: 0.3028  iou: 0.2578  f1: 0.3994  prec: 0.4493  rec: 0.4317  spec: 0.9986
  VAL    loss: 0.3821  iou: 0.1695  f1: 0.2819  prec: 0.2612  rec: 0.4475  spec: 0.9979
  LR: 2.50e-04
Epoch  61/150 [55.21s]
  TRAIN  loss: 0.3026  iou: 0.2577  f1: 0.4005  prec: 0.4438  rec: 0.4314  spec: 0.9985
  VAL    loss: 0.3799  iou: 0.1739  f1: 0.2875  prec: 0.2527  rec: 0.5050  spec: 0.9976
  LR: 2.50e-04
Epoch  62/150 [55.22s]
  TRAIN  loss: 0.3027  iou: 0.2577  f1: 0.4010  prec: 0.4383  rec: 0.4420  spec: 0.9985
  VAL    loss: 0.3795  iou: 0.1749  f1: 0.2887  prec: 0.2766  rec: 0.4315  spec: 0.9981
  LR: 1.25e-04
Epoch  63/150 [55.21s]
  TRAIN  loss: 0.3006  iou: 0.2621  f1: 0.4051  prec: 0.4615  rec: 0.4290  spec: 0.9987
  VAL    loss: 0.3814  iou: 0.1712  f1: 0.2832  prec: 0.2851  rec: 0.4029  spec: 0.9984
  LR: 1.25e-04
Epoch  64/150 [54.13s]
  TRAIN  loss: 0.3006  iou: 0.2600  f1: 0.4036  prec: 0.4555  rec: 0.4298  spec: 0.9986
  VAL    loss: 0.3811  iou: 0.1717  f1: 0.2845  prec: 0.2706  rec: 0.4289  spec: 0.9981
  LR: 1.25e-04
Epoch  65/150 [55.07s]
  TRAIN  loss: 0.2996  iou: 0.2623  f1: 0.4061  prec: 0.4603  rec: 0.4380  spec: 0.9986
  VAL    loss: 0.3817  iou: 0.1741  f1: 0.2875  prec: 0.2909  rec: 0.3974  spec: 0.9984
  LR: 1.25e-04
Epoch  66/150 [54.86s]
  TRAIN  loss: 0.2994  iou: 0.2642  f1: 0.4070  prec: 0.4590  rec: 0.4372  spec: 0.9987
  VAL    loss: 0.3807  iou: 0.1774  f1: 0.2922  prec: 0.2596  rec: 0.4876  spec: 0.9977
  LR: 1.25e-04
Epoch  67/150 [54.91s]
  TRAIN  loss: 0.2988  iou: 0.2682  f1: 0.4120  prec: 0.4589  rec: 0.4418  spec: 0.9986
  VAL    loss: 0.3783  iou: 0.1776  f1: 0.2926  prec: 0.2736  rec: 0.4540  spec: 0.9980
  LR: 1.25e-04
Epoch  68/150 [53.68s]
  TRAIN  loss: 0.2988  iou: 0.2609  f1: 0.4036  prec: 0.4576  rec: 0.4341  spec: 0.9986
  VAL    loss: 0.3784  iou: 0.1754  f1: 0.2899  prec: 0.2637  rec: 0.4749  spec: 0.9978
  LR: 1.25e-04
Epoch  69/150 [54.93s]
  TRAIN  loss: 0.2970  iou: 0.2668  f1: 0.4103  prec: 0.4586  rec: 0.4511  spec: 0.9986
  VAL    loss: 0.3805  iou: 0.1708  f1: 0.2831  prec: 0.2734  rec: 0.4232  spec: 0.9982
  LR: 1.25e-04
Epoch  70/150 [54.55s]
  TRAIN  loss: 0.2976  iou: 0.2653  f1: 0.4091  prec: 0.4635  rec: 0.4382  spec: 0.9986
  VAL    loss: 0.3776  iou: 0.1770  f1: 0.2920  prec: 0.2667  rec: 0.4740  spec: 0.9979
  LR: 1.25e-04
Epoch  71/150 [54.11s]
  TRAIN  loss: 0.2982  iou: 0.2651  f1: 0.4083  prec: 0.4551  rec: 0.4486  spec: 0.9986
  VAL    loss: 0.3785  iou: 0.1732  f1: 0.2865  prec: 0.2763  rec: 0.4320  spec: 0.9982
  LR: 1.25e-04
Epoch  72/150 [52.95s]
  TRAIN  loss: 0.2964  iou: 0.2702  f1: 0.4146  prec: 0.4564  rec: 0.4451  spec: 0.9986
  VAL    loss: 0.3793  iou: 0.1735  f1: 0.2868  prec: 0.2672  rec: 0.4488  spec: 0.9980
  LR: 1.25e-04
Epoch  73/150 [54.46s]
  TRAIN  loss: 0.2960  iou: 0.2727  f1: 0.4176  prec: 0.4666  rec: 0.4489  spec: 0.9986
  VAL    loss: 0.3835  iou: 0.1708  f1: 0.2830  prec: 0.2853  rec: 0.3981  spec: 0.9984
  LR: 6.25e-05
Epoch  74/150 [54.39s]
  TRAIN  loss: 0.2968  iou: 0.2636  f1: 0.4063  prec: 0.4671  rec: 0.4307  spec: 0.9987
  VAL    loss: 0.3780  iou: 0.1795  f1: 0.2950  prec: 0.2757  rec: 0.4549  spec: 0.9980
  LR: 6.25e-05
Epoch  75/150 [54.52s]
  TRAIN  loss: 0.2963  iou: 0.2683  f1: 0.4136  prec: 0.4673  rec: 0.4417  spec: 0.9986
  VAL    loss: 0.3791  iou: 0.1752  f1: 0.2891  prec: 0.2774  rec: 0.4302  spec: 0.9982
  LR: 6.25e-05
Epoch  76/150 [53.35s]
  TRAIN  loss: 0.2946  iou: 0.2720  f1: 0.4176  prec: 0.4701  rec: 0.4528  spec: 0.9987
  VAL    loss: 0.3784  iou: 0.1745  f1: 0.2882  prec: 0.2730  rec: 0.4385  spec: 0.9981
  LR: 6.25e-05
Epoch  77/150 [54.29s]
  TRAIN  loss: 0.2943  iou: 0.2719  f1: 0.4166  prec: 0.4605  rec: 0.4469  spec: 0.9986
  VAL    loss: 0.3777  iou: 0.1762  f1: 0.2905  prec: 0.2742  rec: 0.4427  spec: 0.9981
  LR: 6.25e-05
Epoch  78/150 [54.43s]
  TRAIN  loss: 0.2944  iou: 0.2731  f1: 0.4190  prec: 0.4669  rec: 0.4466  spec: 0.9986
  VAL    loss: 0.3786  iou: 0.1754  f1: 0.2894  prec: 0.2678  rec: 0.4562  spec: 0.9979
  LR: 6.25e-05
Epoch  79/150 [54.25s]
  TRAIN  loss: 0.2950  iou: 0.2698  f1: 0.4149  prec: 0.4602  rec: 0.4513  spec: 0.9986
  VAL    loss: 0.3787  iou: 0.1760  f1: 0.2903  prec: 0.2725  rec: 0.4453  spec: 0.9980
  LR: 6.25e-05
Epoch  80/150 [53.44s]
  TRAIN  loss: 0.2947  iou: 0.2711  f1: 0.4160  prec: 0.4646  rec: 0.4421  spec: 0.9986
  VAL    loss: 0.3790  iou: 0.1754  f1: 0.2894  prec: 0.2734  rec: 0.4383  spec: 0.9981
  LR: 6.25e-05
Epoch  81/150 [54.36s]
  TRAIN  loss: 0.2944  iou: 0.2737  f1: 0.4190  prec: 0.4659  rec: 0.4480  spec: 0.9987
  VAL    loss: 0.3783  iou: 0.1759  f1: 0.2903  prec: 0.2692  rec: 0.4549  spec: 0.9979
  LR: 6.25e-05
Epoch  82/150 [54.34s]
  TRAIN  loss: 0.2950  iou: 0.2690  f1: 0.4133  prec: 0.4641  rec: 0.4462  spec: 0.9986
  VAL    loss: 0.3790  iou: 0.1764  f1: 0.2910  prec: 0.2773  rec: 0.4341  spec: 0.9981
  LR: 6.25e-05
Epoch  83/150 [54.55s]
  TRAIN  loss: 0.2942  iou: 0.2772  f1: 0.4230  prec: 0.4723  rec: 0.4549  spec: 0.9987
  VAL    loss: 0.3782  iou: 0.1762  f1: 0.2909  prec: 0.2712  rec: 0.4503  spec: 0.9980
  LR: 6.25e-05
Epoch  84/150 [53.45s]
  TRAIN  loss: 0.2941  iou: 0.2663  f1: 0.4118  prec: 0.4658  rec: 0.4474  spec: 0.9986
  VAL    loss: 0.3788  iou: 0.1772  f1: 0.2918  prec: 0.2628  rec: 0.4758  spec: 0.9978
  LR: 3.13e-05
Epoch  85/150 [54.51s]
  TRAIN  loss: 0.2932  iou: 0.2727  f1: 0.4176  prec: 0.4652  rec: 0.4534  spec: 0.9986
  VAL    loss: 0.3787  iou: 0.1744  f1: 0.2879  prec: 0.2790  rec: 0.4234  spec: 0.9982
  LR: 3.13e-05
Epoch  86/150 [54.40s]
  TRAIN  loss: 0.2931  iou: 0.2712  f1: 0.4157  prec: 0.4718  rec: 0.4453  spec: 0.9987
  VAL    loss: 0.3776  iou: 0.1772  f1: 0.2920  prec: 0.2770  rec: 0.4385  spec: 0.9981
  LR: 3.13e-05
Epoch  87/150 [53.47s]
  TRAIN  loss: 0.2928  iou: 0.2745  f1: 0.4213  prec: 0.4659  rec: 0.4590  spec: 0.9986
  VAL    loss: 0.3778  iou: 0.1800  f1: 0.2958  prec: 0.2687  rec: 0.4761  spec: 0.9978
  ✓ Checkpoint saved (model-2026_06_23-09_25_35.ckpt.pt)
  LR: 3.13e-05
Epoch  88/150 [53.25s]
  TRAIN  loss: 0.2929  iou: 0.2705  f1: 0.4153  prec: 0.4727  rec: 0.4570  spec: 0.9986
  VAL    loss: 0.3770  iou: 0.1778  f1: 0.2929  prec: 0.2741  rec: 0.4511  spec: 0.9980
  LR: 3.13e-05
Epoch  89/150 [54.32s]
  TRAIN  loss: 0.2927  iou: 0.2730  f1: 0.4189  prec: 0.4661  rec: 0.4523  spec: 0.9986
  VAL    loss: 0.3785  iou: 0.1748  f1: 0.2888  prec: 0.2732  rec: 0.4381  spec: 0.9981
  LR: 3.13e-05
Epoch  90/150 [54.46s]
  TRAIN  loss: 0.2927  iou: 0.2768  f1: 0.4215  prec: 0.4726  rec: 0.4409  spec: 0.9986
  VAL    loss: 0.3770  iou: 0.1781  f1: 0.2933  prec: 0.2778  rec: 0.4418  spec: 0.9981
  LR: 3.13e-05
Epoch  91/150 [53.16s]
  TRAIN  loss: 0.2911  iou: 0.2760  f1: 0.4223  prec: 0.4756  rec: 0.4460  spec: 0.9987
  VAL    loss: 0.3781  iou: 0.1752  f1: 0.2895  prec: 0.2722  rec: 0.4442  spec: 0.9980
  LR: 3.13e-05
Epoch  92/150 [54.55s]
  TRAIN  loss: 0.2919  iou: 0.2753  f1: 0.4205  prec: 0.4633  rec: 0.4530  spec: 0.9986
  VAL    loss: 0.3777  iou: 0.1762  f1: 0.2908  prec: 0.2741  rec: 0.4410  spec: 0.9980
  LR: 3.13e-05
Epoch  93/150 [54.59s]
  TRAIN  loss: 0.2924  iou: 0.2715  f1: 0.4174  prec: 0.4701  rec: 0.4521  spec: 0.9986
  VAL    loss: 0.3785  iou: 0.1776  f1: 0.2926  prec: 0.2702  rec: 0.4585  spec: 0.9979
  LR: 3.13e-05
Epoch  94/150 [54.57s]
  TRAIN  loss: 0.2920  iou: 0.2779  f1: 0.4248  prec: 0.4722  rec: 0.4567  spec: 0.9987
  VAL    loss: 0.3772  iou: 0.1778  f1: 0.2927  prec: 0.2743  rec: 0.4504  spec: 0.9980
  LR: 3.13e-05
Epoch  95/150 [53.77s]
  TRAIN  loss: 0.2924  iou: 0.2806  f1: 0.4270  prec: 0.4757  rec: 0.4556  spec: 0.9986
  VAL    loss: 0.3783  iou: 0.1757  f1: 0.2900  prec: 0.2752  rec: 0.4388  spec: 0.9981
  LR: 3.13e-05
Epoch  96/150 [54.97s]
  TRAIN  loss: 0.2916  iou: 0.2793  f1: 0.4244  prec: 0.4690  rec: 0.4607  spec: 0.9986
  VAL    loss: 0.3778  iou: 0.1764  f1: 0.2910  prec: 0.2715  rec: 0.4511  spec: 0.9980
  LR: 3.13e-05
Epoch  97/150 [55.01s]
  TRAIN  loss: 0.2915  iou: 0.2757  f1: 0.4212  prec: 0.4667  rec: 0.4605  spec: 0.9986
  VAL    loss: 0.3778  iou: 0.1763  f1: 0.2907  prec: 0.2776  rec: 0.4341  spec: 0.9981
  LR: 3.13e-05
Epoch  98/150 [54.43s]
  TRAIN  loss: 0.2919  iou: 0.2740  f1: 0.4190  prec: 0.4722  rec: 0.4523  spec: 0.9987
  VAL    loss: 0.3770  iou: 0.1783  f1: 0.2937  prec: 0.2727  rec: 0.4568  spec: 0.9980
  LR: 1.56e-05
Epoch  99/150 [53.63s]
  TRAIN  loss: 0.2917  iou: 0.2712  f1: 0.4162  prec: 0.4757  rec: 0.4438  spec: 0.9986
  VAL    loss: 0.3775  iou: 0.1772  f1: 0.2922  prec: 0.2741  rec: 0.4483  spec: 0.9980
  LR: 1.56e-05
Epoch 100/150 [54.86s]
  TRAIN  loss: 0.2918  iou: 0.2821  f1: 0.4281  prec: 0.4739  rec: 0.4544  spec: 0.9987
  VAL    loss: 0.3772  iou: 0.1782  f1: 0.2935  prec: 0.2732  rec: 0.4554  spec: 0.9980
  LR: 1.56e-05
Epoch 101/150 [54.67s]
  TRAIN  loss: 0.2903  iou: 0.2783  f1: 0.4243  prec: 0.4730  rec: 0.4602  spec: 0.9986
  VAL    loss: 0.3773  iou: 0.1780  f1: 0.2931  prec: 0.2757  rec: 0.4491  spec: 0.9980
  LR: 1.56e-05
Epoch 102/150 [54.84s]
  TRAIN  loss: 0.2910  iou: 0.2771  f1: 0.4229  prec: 0.4736  rec: 0.4552  spec: 0.9987
  VAL    loss: 0.3776  iou: 0.1766  f1: 0.2913  prec: 0.2771  rec: 0.4375  spec: 0.9981
  LR: 1.56e-05
Epoch 103/150 [53.52s]
  TRAIN  loss: 0.2902  iou: 0.2784  f1: 0.4259  prec: 0.4755  rec: 0.4570  spec: 0.9987
  VAL    loss: 0.3776  iou: 0.1776  f1: 0.2927  prec: 0.2770  rec: 0.4416  spec: 0.9981
  LR: 1.56e-05
Epoch 104/150 [54.83s]
  TRAIN  loss: 0.2904  iou: 0.2815  f1: 0.4278  prec: 0.4783  rec: 0.4511  spec: 0.9987
  VAL    loss: 0.3772  iou: 0.1776  f1: 0.2926  prec: 0.2761  rec: 0.4436  spec: 0.9981
  LR: 1.56e-05
Epoch 105/150 [54.69s]
  TRAIN  loss: 0.2906  iou: 0.2771  f1: 0.4226  prec: 0.4712  rec: 0.4518  spec: 0.9986
  VAL    loss: 0.3773  iou: 0.1777  f1: 0.2928  prec: 0.2733  rec: 0.4521  spec: 0.9980
  LR: 1.56e-05
Epoch 106/150 [54.70s]
  TRAIN  loss: 0.2908  iou: 0.2799  f1: 0.4262  prec: 0.4699  rec: 0.4635  spec: 0.9986
  VAL    loss: 0.3770  iou: 0.1779  f1: 0.2930  prec: 0.2748  rec: 0.4491  spec: 0.9980
  LR: 1.56e-05
Epoch 107/150 [53.52s]
  TRAIN  loss: 0.2907  iou: 0.2741  f1: 0.4200  prec: 0.4705  rec: 0.4441  spec: 0.9986
  VAL    loss: 0.3777  iou: 0.1761  f1: 0.2906  prec: 0.2764  rec: 0.4369  spec: 0.9981
  LR: 1.56e-05
Epoch 108/150 [54.86s]
  TRAIN  loss: 0.2910  iou: 0.2762  f1: 0.4227  prec: 0.4715  rec: 0.4423  spec: 0.9986
  VAL    loss: 0.3774  iou: 0.1770  f1: 0.2919  prec: 0.2754  rec: 0.4455  spec: 0.9980
  LR: 1.56e-05
Epoch 109/150 [54.86s]
  TRAIN  loss: 0.2913  iou: 0.2774  f1: 0.4233  prec: 0.4717  rec: 0.4604  spec: 0.9986
  VAL    loss: 0.3773  iou: 0.1780  f1: 0.2933  prec: 0.2742  rec: 0.4496  spec: 0.9980
  LR: 7.81e-06
Epoch 110/150 [54.55s]
  TRAIN  loss: 0.2906  iou: 0.2787  f1: 0.4256  prec: 0.4703  rec: 0.4650  spec: 0.9986
  VAL    loss: 0.3772  iou: 0.1774  f1: 0.2924  prec: 0.2738  rec: 0.4487  spec: 0.9980
  LR: 7.81e-06
Epoch 111/150 [53.57s]
  TRAIN  loss: 0.2896  iou: 0.2836  f1: 0.4302  prec: 0.4752  rec: 0.4574  spec: 0.9986
  VAL    loss: 0.3771  iou: 0.1773  f1: 0.2922  prec: 0.2766  rec: 0.4426  spec: 0.9981
  LR: 7.81e-06
Epoch 112/150 [54.64s]
  TRAIN  loss: 0.2894  iou: 0.2805  f1: 0.4263  prec: 0.4759  rec: 0.4548  spec: 0.9986
  VAL    loss: 0.3772  iou: 0.1777  f1: 0.2929  prec: 0.2733  rec: 0.4524  spec: 0.9980
  LR: 7.81e-06
Epoch 113/150 [54.74s]
  TRAIN  loss: 0.2898  iou: 0.2812  f1: 0.4270  prec: 0.4720  rec: 0.4484  spec: 0.9986
  VAL    loss: 0.3775  iou: 0.1769  f1: 0.2917  prec: 0.2737  rec: 0.4468  spec: 0.9980
  LR: 7.81e-06
Epoch 114/150 [54.25s]
  TRAIN  loss: 0.2900  iou: 0.2799  f1: 0.4275  prec: 0.4723  rec: 0.4521  spec: 0.9986
  VAL    loss: 0.3776  iou: 0.1771  f1: 0.2920  prec: 0.2743  rec: 0.4463  spec: 0.9980
  LR: 7.81e-06
Epoch 115/150 [53.85s]
  TRAIN  loss: 0.2899  iou: 0.2803  f1: 0.4265  prec: 0.4753  rec: 0.4530  spec: 0.9986
  VAL    loss: 0.3776  iou: 0.1770  f1: 0.2918  prec: 0.2740  rec: 0.4468  spec: 0.9980
  LR: 7.81e-06
Epoch 116/150 [54.78s]
  TRAIN  loss: 0.2907  iou: 0.2779  f1: 0.4240  prec: 0.4767  rec: 0.4452  spec: 0.9986
  VAL    loss: 0.3773  iou: 0.1773  f1: 0.2923  prec: 0.2742  rec: 0.4478  spec: 0.9980
  LR: 7.81e-06
Epoch 117/150 [54.84s]
  TRAIN  loss: 0.2914  iou: 0.2757  f1: 0.4206  prec: 0.4706  rec: 0.4492  spec: 0.9986
  VAL    loss: 0.3771  iou: 0.1781  f1: 0.2934  prec: 0.2757  rec: 0.4493  spec: 0.9980
  LR: 7.81e-06
Epoch 118/150 [54.87s]
  TRAIN  loss: 0.2897  iou: 0.2781  f1: 0.4242  prec: 0.4719  rec: 0.4548  spec: 0.9986
  VAL    loss: 0.3773  iou: 0.1776  f1: 0.2927  prec: 0.2736  rec: 0.4505  spec: 0.9980
  LR: 7.81e-06
Epoch 119/150 [53.74s]
  TRAIN  loss: 0.2889  iou: 0.2855  f1: 0.4317  prec: 0.4809  rec: 0.4693  spec: 0.9987
  VAL    loss: 0.3770  iou: 0.1779  f1: 0.2931  prec: 0.2744  rec: 0.4504  spec: 0.9980
  LR: 7.81e-06
Epoch 120/150 [55.01s]
  TRAIN  loss: 0.2907  iou: 0.2771  f1: 0.4220  prec: 0.4717  rec: 0.4512  spec: 0.9987
  VAL    loss: 0.3774  iou: 0.1773  f1: 0.2923  prec: 0.2745  rec: 0.4463  spec: 0.9980
  LR: 3.91e-06
Epoch 121/150 [54.77s]
  TRAIN  loss: 0.2894  iou: 0.2790  f1: 0.4261  prec: 0.4774  rec: 0.4504  spec: 0.9987
  VAL    loss: 0.3774  iou: 0.1771  f1: 0.2919  prec: 0.2758  rec: 0.4425  spec: 0.9981
  LR: 3.91e-06
Epoch 122/150 [55.01s]
  TRAIN  loss: 0.2894  iou: 0.2785  f1: 0.4250  prec: 0.4741  rec: 0.4548  spec: 0.9987
  VAL    loss: 0.3773  iou: 0.1774  f1: 0.2924  prec: 0.2750  rec: 0.4453  spec: 0.9980
  LR: 3.91e-06
Epoch 123/150 [53.48s]
  TRAIN  loss: 0.2898  iou: 0.2806  f1: 0.4272  prec: 0.4718  rec: 0.4607  spec: 0.9987
  VAL    loss: 0.3773  iou: 0.1773  f1: 0.2922  prec: 0.2747  rec: 0.4454  spec: 0.9980
  LR: 3.91e-06
Epoch 124/150 [54.82s]
  TRAIN  loss: 0.2899  iou: 0.2803  f1: 0.4266  prec: 0.4707  rec: 0.4605  spec: 0.9986
  VAL    loss: 0.3773  iou: 0.1777  f1: 0.2928  prec: 0.2751  rec: 0.4467  spec: 0.9980
  LR: 3.91e-06
Epoch 125/150 [54.92s]
  TRAIN  loss: 0.2904  iou: 0.2797  f1: 0.4265  prec: 0.4798  rec: 0.4641  spec: 0.9987
  VAL    loss: 0.3773  iou: 0.1774  f1: 0.2924  prec: 0.2766  rec: 0.4431  spec: 0.9981
  LR: 3.91e-06
Epoch 126/150 [54.67s]
  TRAIN  loss: 0.2894  iou: 0.2832  f1: 0.4298  prec: 0.4794  rec: 0.4591  spec: 0.9987
  VAL    loss: 0.3772  iou: 0.1776  f1: 0.2926  prec: 0.2754  rec: 0.4463  spec: 0.9980
  LR: 3.91e-06
Epoch 127/150 [53.63s]
  TRAIN  loss: 0.2898  iou: 0.2776  f1: 0.4247  prec: 0.4748  rec: 0.4533  spec: 0.9987
  VAL    loss: 0.3771  iou: 0.1777  f1: 0.2928  prec: 0.2761  rec: 0.4447  spec: 0.9981
  LR: 3.91e-06
Epoch 128/150 [54.87s]
  TRAIN  loss: 0.2905  iou: 0.2802  f1: 0.4270  prec: 0.4793  rec: 0.4535  spec: 0.9986
  VAL    loss: 0.3770  iou: 0.1782  f1: 0.2935  prec: 0.2756  rec: 0.4482  spec: 0.9980
  LR: 3.91e-06
Epoch 129/150 [54.89s]
  TRAIN  loss: 0.2897  iou: 0.2786  f1: 0.4246  prec: 0.4749  rec: 0.4584  spec: 0.9986
  VAL    loss: 0.3771  iou: 0.1780  f1: 0.2932  prec: 0.2745  rec: 0.4492  spec: 0.9980
  LR: 3.91e-06
Epoch 130/150 [54.55s]
  TRAIN  loss: 0.2893  iou: 0.2792  f1: 0.4256  prec: 0.4763  rec: 0.4639  spec: 0.9986
  VAL    loss: 0.3771  iou: 0.1781  f1: 0.2933  prec: 0.2755  rec: 0.4484  spec: 0.9980
  LR: 3.91e-06
Epoch 131/150 [53.75s]
  TRAIN  loss: 0.2891  iou: 0.2796  f1: 0.4266  prec: 0.4783  rec: 0.4581  spec: 0.9987
  VAL    loss: 0.3772  iou: 0.1779  f1: 0.2931  prec: 0.2751  rec: 0.4480  spec: 0.9980
  LR: 1.95e-06
Epoch 132/150 [5m 49.70s]
  TRAIN  loss: 0.2895  iou: 0.2801  f1: 0.4269  prec: 0.4712  rec: 0.4674  spec: 0.9986
  VAL    loss: 0.3772  iou: 0.1779  f1: 0.2931  prec: 0.2749  rec: 0.4486  spec: 0.9980
  LR: 1.95e-06
Epoch 133/150 [1m 17.07s]
  TRAIN  loss: 0.2898  iou: 0.2797  f1: 0.4262  prec: 0.4747  rec: 0.4519  spec: 0.9987
  VAL    loss: 0.3772  iou: 0.1779  f1: 0.2931  prec: 0.2750  rec: 0.4486  spec: 0.9980
  LR: 1.95e-06
Epoch 134/150 [1m 17.78s]
  TRAIN  loss: 0.2898  iou: 0.2774  f1: 0.4240  prec: 0.4756  rec: 0.4599  spec: 0.9987
  VAL    loss: 0.3773  iou: 0.1776  f1: 0.2926  prec: 0.2756  rec: 0.4460  spec: 0.9980
  LR: 1.95e-06
Epoch 135/150 [1m 20.20s]
  TRAIN  loss: 0.2900  iou: 0.2786  f1: 0.4265  prec: 0.4708  rec: 0.4594  spec: 0.9987
  VAL    loss: 0.3772  iou: 0.1780  f1: 0.2932  prec: 0.2761  rec: 0.4468  spec: 0.9981
  LR: 1.95e-06
Epoch 136/150 [1m 23.17s]
  TRAIN  loss: 0.2903  iou: 0.2814  f1: 0.4283  prec: 0.4787  rec: 0.4627  spec: 0.9987
  VAL    loss: 0.3771  iou: 0.1779  f1: 0.2931  prec: 0.2749  rec: 0.4491  spec: 0.9980
  LR: 1.95e-06
Epoch 137/150 [1m 18.59s]
  TRAIN  loss: 0.2899  iou: 0.2790  f1: 0.4264  prec: 0.4741  rec: 0.4578  spec: 0.9986
  VAL    loss: 0.3771  iou: 0.1778  f1: 0.2930  prec: 0.2749  rec: 0.4487  spec: 0.9980
  LR: 1.95e-06
Epoch 138/150 [1m 20.03s]
  TRAIN  loss: 0.2898  iou: 0.2842  f1: 0.4314  prec: 0.4750  rec: 0.4574  spec: 0.9986
  VAL    loss: 0.3772  iou: 0.1778  f1: 0.2929  prec: 0.2751  rec: 0.4479  spec: 0.9980
  LR: 1.95e-06
Epoch 139/150 [1m 20.01s]
  TRAIN  loss: 0.2897  iou: 0.2801  f1: 0.4267  prec: 0.4747  rec: 0.4602  spec: 0.9987
  VAL    loss: 0.3773  iou: 0.1778  f1: 0.2930  prec: 0.2756  rec: 0.4472  spec: 0.9980
  LR: 1.95e-06
Epoch 140/150 [1m 24.82s]
  TRAIN  loss: 0.2904  iou: 0.2794  f1: 0.4269  prec: 0.4716  rec: 0.4531  spec: 0.9986
  VAL    loss: 0.3773  iou: 0.1775  f1: 0.2925  prec: 0.2743  rec: 0.4484  spec: 0.9980
  LR: 1.95e-06
Epoch 141/150 [1m 26.02s]
  TRAIN  loss: 0.2905  iou: 0.2808  f1: 0.4278  prec: 0.4715  rec: 0.4625  spec: 0.9986
  VAL    loss: 0.3773  iou: 0.1776  f1: 0.2927  prec: 0.2746  rec: 0.4483  spec: 0.9980
  LR: 1.95e-06
Epoch 142/150 [1m 23.95s]
  TRAIN  loss: 0.2894  iou: 0.2795  f1: 0.4260  prec: 0.4751  rec: 0.4653  spec: 0.9986
  VAL    loss: 0.3774  iou: 0.1774  f1: 0.2925  prec: 0.2743  rec: 0.4484  spec: 0.9980
  LR: 1.00e-06
Epoch 143/150 [1m 24.88s]
  TRAIN  loss: 0.2901  iou: 0.2797  f1: 0.4265  prec: 0.4718  rec: 0.4646  spec: 0.9986
  VAL    loss: 0.3773  iou: 0.1775  f1: 0.2926  prec: 0.2744  rec: 0.4485  spec: 0.9980
  LR: 1.00e-06
Epoch 144/150 [1m 26.17s]
  TRAIN  loss: 0.2896  iou: 0.2784  f1: 0.4256  prec: 0.4752  rec: 0.4595  spec: 0.9986
  VAL    loss: 0.3773  iou: 0.1775  f1: 0.2925  prec: 0.2746  rec: 0.4477  spec: 0.9980
  LR: 1.00e-06
Epoch 145/150 [1m 22.70s]
  TRAIN  loss: 0.2897  iou: 0.2794  f1: 0.4263  prec: 0.4721  rec: 0.4550  spec: 0.9986
  VAL    loss: 0.3773  iou: 0.1775  f1: 0.2925  prec: 0.2745  rec: 0.4480  spec: 0.9980
  LR: 1.00e-06
Epoch 146/150 [1m 23.82s]
  TRAIN  loss: 0.2898  iou: 0.2813  f1: 0.4267  prec: 0.4731  rec: 0.4589  spec: 0.9986
  VAL    loss: 0.3773  iou: 0.1775  f1: 0.2925  prec: 0.2746  rec: 0.4478  spec: 0.9980
  LR: 1.00e-06
Epoch 147/150 [1m 24.13s]
  TRAIN  loss: 0.2897  iou: 0.2821  f1: 0.4282  prec: 0.4733  rec: 0.4590  spec: 0.9986
  VAL    loss: 0.3773  iou: 0.1777  f1: 0.2927  prec: 0.2754  rec: 0.4467  spec: 0.9980
  LR: 1.00e-06
Epoch 148/150 [1m 22.78s]
  TRAIN  loss: 0.2894  iou: 0.2803  f1: 0.4264  prec: 0.4758  rec: 0.4644  spec: 0.9987
  VAL    loss: 0.3773  iou: 0.1776  f1: 0.2927  prec: 0.2753  rec: 0.4464  spec: 0.9980
  LR: 1.00e-06
Epoch 149/150 [1m 24.60s]
  TRAIN  loss: 0.2895  iou: 0.2796  f1: 0.4249  prec: 0.4819  rec: 0.4583  spec: 0.9987
  VAL    loss: 0.3773  iou: 0.1778  f1: 0.2930  prec: 0.2752  rec: 0.4482  spec: 0.9980
  LR: 1.00e-06
Epoch 150/150 [1m 24.24s]
  TRAIN  loss: 0.2892  iou: 0.2815  f1: 0.4297  prec: 0.4750  rec: 0.4622  spec: 0.9987
  VAL    loss: 0.3773  iou: 0.1777  f1: 0.2928  prec: 0.2752  rec: 0.4478  spec: 0.9980
  LR: 1.00e-06
  ✓ History saved to: /app/data/trained-models/logs/history_2026_06_23-11_56_11.json
  ✓ Config saved to: /app/data/trained-models/logs/config_2026_06_23-11_56_11.json
Model saved to: /app/data/trained-models/model-2026_06_23-11_56_11.pt
Loss curves saved to: /app/data/performance/loss_history.png
Dataset sample saved to: /app/data/performance/dataset_sample.png
Inference grid saved to: /app/data/performance/inference_result.png

Object-level detection (tolerance=5px):
  TP: 447  FP: 1029  FN: 731
  Precision: 0.3028  Recall: 0.3795  F1: 0.3368
