Loading dataset...
Skipping 110: FITS image not found: /app/data/dataset/110/110-image.fits
Skipping 11000012: Empty FITS image
Skipping 11000013: Empty FITS image
Skipping 11000042: Empty FITS image
Skipping 11000069: Empty FITS image
Skipping 11000088: Empty FITS image
Skipping 11000103: Empty FITS image
Skipping 11000109: Empty FITS image
Skipping 11000130: Empty FITS image
Skipping 11000149: Empty FITS image
Skipping 11000183: Empty FITS image
Skipping 11000206: Empty FITS image
Skipping 11000231: Empty FITS image
Skipping 11000248: Empty FITS image
Skipping 11000259: Empty FITS image
Skipping 11000278: Empty FITS image
Skipping 11000293: Empty FITS image
Skipping 11000318: Empty FITS image
Skipping 11000333: Empty FITS image
Skipping 11000348: Empty FITS image
Skipping 11000375: Empty FITS image
Skipping 11000410: Empty FITS image
Skipping 11000425: Empty FITS image
Skipping 11000448: Empty FITS image
Skipping 11000463: Empty FITS image
Skipping 11000480: Empty FITS image
Skipping 11000505: Empty FITS image
Skipping 11000513: Empty FITS image
Skipping 11000541: Empty FITS image
Skipping 11000560: Empty FITS image
Skipping 11000583: Empty FITS image
Skipping 11000601: Empty FITS image
Skipping 11000629: Empty FITS image
Skipping 11000652: Empty FITS image
Skipping 11000676: Empty FITS image
Skipping 11000723: Empty FITS image
Skipping 11000737: Empty FITS image
Skipping 11000750: Empty FITS image
Skipping 11000778: Empty FITS image
Skipping 11000803: Empty FITS image
Skipping 11000831: Empty FITS image
Skipping 11000834: Empty FITS image
Skipping 11000866: Empty FITS image
Skipping 11000868: Empty FITS image
Skipping 11000878: Empty FITS image
Skipping 11000880: Empty FITS image
Skipping 11000908: Empty FITS image
Skipping 11000909: Empty FITS image
Skipping 11000939: Empty FITS image
Skipping 11000941: Empty FITS image
Skipping 11000971: Empty FITS image
Skipping 11000998: Empty FITS image
Skipping 11001034: Empty FITS image
Skipping 11001048: Empty FITS image
Skipping 11001075: Empty FITS image
Skipping 11001103: Empty FITS image
Skipping 11001122: Empty FITS image
Skipping 11001138: Empty FITS image
Skipping 11001153: Empty FITS image
Skipping 11001182: Empty FITS image
Skipping 11001206: Empty FITS image
Skipping 11001236: Empty FITS image
Skipping 11001243: Empty FITS image
Skipping 11001261: Empty FITS image
Skipping 11001293: Empty FITS image
Skipping 11001312: Empty FITS image
Skipping 11001341: Empty FITS image
Skipping 11001352: Empty FITS image
Skipping 11001381: Empty FITS image
Skipping 11001415: Empty FITS image
Skipping 11001433: Empty FITS image
Skipping 11001465: Empty FITS image
WARNING: File may have been truncated: actual file length (114688) is smaller than the expected size (4360320) [astropy.io.fits.file]
Skipping 1544015: buffer is too small for requested array
WARNING: File may have been truncated: actual file length (2208960) is smaller than the expected size (2211840) [astropy.io.fits.file]
Skipping 1544965: buffer is too small for requested array
WARNING: File may have been truncated: actual file length (16963200) is smaller than the expected size (16966080) [astropy.io.fits.file]
Skipping 1545008: buffer is too small for requested array
Skipping 1545510: AXY file not found: /app/data/dataset/1545510/1545510-axy.fits
NaN después de normalizar en 1545519, saltando
Skipping 1545994: Empty FITS image
Skipping 1546048: Empty FITS image
Skipping 1546051: Empty FITS image
Skipping 1546056: Empty FITS image
Skipping 1546104: Empty FITS image
Skipping 1546107: Empty FITS image
Skipping 1546125: Empty FITS image
Skipping 1546130: Empty FITS image
Skipping 1546168: Empty FITS image
Skipping 1546224: Empty FITS image
Skipping 1546226: Empty FITS image
Skipping 1546232: Empty FITS image
Skipping 1546271: Empty FITS image
Skipping 1546307: Empty FITS image
Skipping 1546343: Empty FITS image
Skipping 1546346: Empty FITS image
WARNING: File may have been truncated: actual file length (671040) is smaller than the expected size (673920) [astropy.io.fits.file]
Skipping 1547405: buffer is too small for requested array
Skipping 1547958: Empty FITS image
Skipping 1547963: Empty FITS image
Skipping 1548078: Empty FITS image
WARNING: File may have been truncated: actual file length (6512640) is smaller than the expected size (7948800) [astropy.io.fits.file]
Skipping 1548240: buffer is too small for requested array
Skipping 27: FITS image not found: /app/data/dataset/27/27-image.fits
Skipping cache: FITS image not found: /app/data/dataset/cache/cache-image.fits
Dataset loaded: 2806 entries

==================================================
EXPERIMENT CONFIGURATION
==================================================
NORMALIZATION  : LogPercentileNormalization
                 {'lowest_percentile': 1.0, 'highest_percentile': 99.9}
LOSS           : CombinedLoss
                 {'loss_a': 'DiceLoss', 'loss_b': 'FocalLossModule', 'weight_a': 0.5, 'weight_b': 0.5}
MODEL          : UNet3Levels
                 {'prior_prob': 0.0035}
AUGMENTATION   : FlipRotateAugmentation
                 {'use_flips': True, 'use_rotations': True}
MASKING        : AnnotationMasking
                 {'radius': 4, 'border_margin': 5}
==================================================

Train: 1014 con estrellas + 285/950 vacías mantenidas
Train: 1299 | Test: 421 | Val: 421
train_images: torch.Size([1299, 256, 256, 1])
train_masks: torch.Size([1299, 256, 256])
Valores únicos train_masks: tensor([0, 1])
Pixels estrella train: 300475
Valores únicos val_masks: tensor([0, 1])
Pixels estrella val: 64490
Imágenes con estrellas: 1014/1299
Train star pixels: 300475 / 85131264 = 0.3530%
Val   star pixels: 64490   / 27590656   = 0.2337%
Tamaño train: 1299
Tamaño val: 421
Train mask unique: [0, 1]
UNet3LevelsModule(
  (enc1): EncoderBlock(
    (conv): ConvBlock(
      (block): Sequential(
        (0): Conv2d(1, 64, kernel_size=(3, 3), stride=(1, 1), padding=(1, 1))
        (1): GroupNorm(8, 64, eps=1e-05, affine=True)
        (2): ReLU(inplace=True)
        (3): Conv2d(64, 64, kernel_size=(3, 3), stride=(1, 1), padding=(1, 1))
        (4): GroupNorm(8, 64, eps=1e-05, affine=True)
        (5): ReLU(inplace=True)
      )
    )
    (pool): MaxPool2d(kernel_size=2, stride=2, padding=0, dilation=1, ceil_mode=False)
  )
  (enc2): EncoderBlock(
    (conv): ConvBlock(
      (block): Sequential(
        (0): Conv2d(64, 128, kernel_size=(3, 3), stride=(1, 1), padding=(1, 1))
        (1): GroupNorm(8, 128, eps=1e-05, affine=True)
        (2): ReLU(inplace=True)
        (3): Conv2d(128, 128, kernel_size=(3, 3), stride=(1, 1), padding=(1, 1))
        (4): GroupNorm(8, 128, eps=1e-05, affine=True)
        (5): ReLU(inplace=True)
      )
    )
    (pool): MaxPool2d(kernel_size=2, stride=2, padding=0, dilation=1, ceil_mode=False)
  )
  (enc3): EncoderBlock(
    (conv): ConvBlock(
      (block): Sequential(
        (0): Conv2d(128, 256, kernel_size=(3, 3), stride=(1, 1), padding=(1, 1))
        (1): GroupNorm(8, 256, eps=1e-05, affine=True)
        (2): ReLU(inplace=True)
        (3): Conv2d(256, 256, kernel_size=(3, 3), stride=(1, 1), padding=(1, 1))
        (4): GroupNorm(8, 256, eps=1e-05, affine=True)
        (5): ReLU(inplace=True)
      )
    )
    (pool): MaxPool2d(kernel_size=2, stride=2, padding=0, dilation=1, ceil_mode=False)
  )
  (bridge): ConvBlock(
    (block): Sequential(
      (0): Conv2d(256, 512, kernel_size=(3, 3), stride=(1, 1), padding=(1, 1))
      (1): GroupNorm(8, 512, eps=1e-05, affine=True)
      (2): ReLU(inplace=True)
      (3): Conv2d(512, 512, kernel_size=(3, 3), stride=(1, 1), padding=(1, 1))
      (4): GroupNorm(8, 512, eps=1e-05, affine=True)
      (5): ReLU(inplace=True)
    )
  )
  (dec3): DecoderBlock(
    (upsample): ConvTranspose2d(512, 256, kernel_size=(2, 2), stride=(2, 2))
    (conv_block): ConvBlock(
      (block): Sequential(
        (0): Conv2d(512, 256, kernel_size=(3, 3), stride=(1, 1), padding=(1, 1))
        (1): GroupNorm(8, 256, eps=1e-05, affine=True)
        (2): ReLU(inplace=True)
        (3): Conv2d(256, 256, kernel_size=(3, 3), stride=(1, 1), padding=(1, 1))
        (4): GroupNorm(8, 256, eps=1e-05, affine=True)
        (5): ReLU(inplace=True)
      )
    )
  )
  (dec2): DecoderBlock(
    (upsample): ConvTranspose2d(256, 128, kernel_size=(2, 2), stride=(2, 2))
    (conv_block): ConvBlock(
      (block): Sequential(
        (0): Conv2d(256, 128, kernel_size=(3, 3), stride=(1, 1), padding=(1, 1))
        (1): GroupNorm(8, 128, eps=1e-05, affine=True)
        (2): ReLU(inplace=True)
        (3): Conv2d(128, 128, kernel_size=(3, 3), stride=(1, 1), padding=(1, 1))
        (4): GroupNorm(8, 128, eps=1e-05, affine=True)
        (5): ReLU(inplace=True)
      )
    )
  )
  (dec1): DecoderBlock(
    (upsample): ConvTranspose2d(128, 64, kernel_size=(2, 2), stride=(2, 2))
    (conv_block): ConvBlock(
      (block): Sequential(
        (0): Conv2d(128, 64, kernel_size=(3, 3), stride=(1, 1), padding=(1, 1))
        (1): GroupNorm(8, 64, eps=1e-05, affine=True)
        (2): ReLU(inplace=True)
        (3): Conv2d(64, 64, kernel_size=(3, 3), stride=(1, 1), padding=(1, 1))
        (4): GroupNorm(8, 64, eps=1e-05, affine=True)
        (5): ReLU(inplace=True)
      )
    )
  )
  (output_conv): Conv2d(64, 1, kernel_size=(1, 1), stride=(1, 1))
  (final_activation): Sigmoid()
)
Epoch   1/150 [1m 24.59s]
  TRAIN  loss: 0.4141  iou: 0.1149  f1: 0.1998  prec: 0.2317  rec: 0.2964  spec: 0.9958
  VAL    loss: 0.4147  iou: 0.1349  f1: 0.2313  prec: 0.1919  rec: 0.4344  spec: 0.9972
  ✓ Checkpoint saved (model-2026_06_22-18_18_03.ckpt.pt)
  LR: 1.00e-03
Epoch   2/150 [56.31s]
  TRAIN  loss: 0.3536  iou: 0.1972  f1: 0.3224  prec: 0.3555  rec: 0.3680  spec: 0.9981
  VAL    loss: 0.4361  iou: 0.1356  f1: 0.2207  prec: 0.3201  rec: 0.2208  spec: 0.9994
  ✓ Checkpoint saved (model-2026_06_22-18_18_03.ckpt.pt)
  LR: 1.00e-03
Epoch   3/150 [55.70s]
  TRAIN  loss: 0.3415  iou: 0.2153  f1: 0.3473  prec: 0.3928  rec: 0.3822  spec: 0.9984
  VAL    loss: 0.4049  iou: 0.1385  f1: 0.2375  prec: 0.2021  rec: 0.4494  spec: 0.9972
  ✓ Checkpoint saved (model-2026_06_22-18_18_03.ckpt.pt)
  LR: 1.00e-03
Epoch   4/150 [55.70s]
  TRAIN  loss: 0.3386  iou: 0.2151  f1: 0.3459  prec: 0.3962  rec: 0.3763  spec: 0.9984
  VAL    loss: 0.4016  iou: 0.1492  f1: 0.2534  prec: 0.2042  rec: 0.5119  spec: 0.9968
  ✓ Checkpoint saved (model-2026_06_22-18_18_03.ckpt.pt)
  LR: 1.00e-03
Epoch   5/150 [55.75s]
  TRAIN  loss: 0.3347  iou: 0.2173  f1: 0.3497  prec: 0.3982  rec: 0.3891  spec: 0.9984
  VAL    loss: 0.4025  iou: 0.1510  f1: 0.2544  prec: 0.2563  rec: 0.3702  spec: 0.9984
  ✓ Checkpoint saved (model-2026_06_22-18_18_03.ckpt.pt)
  LR: 1.00e-03
Epoch   6/150 [55.71s]
  TRAIN  loss: 0.3352  iou: 0.2181  f1: 0.3503  prec: 0.3967  rec: 0.3808  spec: 0.9984
  VAL    loss: 0.3990  iou: 0.1542  f1: 0.2595  prec: 0.2472  rec: 0.3995  spec: 0.9981
  ✓ Checkpoint saved (model-2026_06_22-18_18_03.ckpt.pt)
  LR: 1.00e-03
Epoch   7/150 [55.85s]
  TRAIN  loss: 0.3348  iou: 0.2213  f1: 0.3546  prec: 0.4026  rec: 0.3905  spec: 0.9985
  VAL    loss: 0.3968  iou: 0.1553  f1: 0.2618  prec: 0.2483  rec: 0.4110  spec: 0.9981
  ✓ Checkpoint saved (model-2026_06_22-18_18_03.ckpt.pt)
  LR: 1.00e-03
Epoch   8/150 [55.72s]
  TRAIN  loss: 0.3325  iou: 0.2214  f1: 0.3543  prec: 0.3964  rec: 0.3943  spec: 0.9984
  VAL    loss: 0.3987  iou: 0.1679  f1: 0.2767  prec: 0.3208  rec: 0.3336  spec: 0.9990
  ✓ Checkpoint saved (model-2026_06_22-18_18_03.ckpt.pt)
  LR: 1.00e-03
Epoch   9/150 [55.41s]
  TRAIN  loss: 0.3326  iou: 0.2262  f1: 0.3588  prec: 0.4087  rec: 0.4035  spec: 0.9984
  VAL    loss: 0.3992  iou: 0.1667  f1: 0.2762  prec: 0.3049  rec: 0.3572  spec: 0.9988
  LR: 1.00e-03
Epoch  10/150 [55.66s]
  TRAIN  loss: 0.3344  iou: 0.2203  f1: 0.3527  prec: 0.3966  rec: 0.3913  spec: 0.9984
  VAL    loss: 0.3944  iou: 0.1647  f1: 0.2737  prec: 0.2771  rec: 0.3875  spec: 0.9985
  LR: 1.00e-03
Epoch  11/150 [55.35s]
  TRAIN  loss: 0.3284  iou: 0.2231  f1: 0.3568  prec: 0.4039  rec: 0.3987  spec: 0.9985
  VAL    loss: 0.3962  iou: 0.1571  f1: 0.2631  prec: 0.2688  rec: 0.3695  spec: 0.9985
  LR: 1.00e-03
Epoch  12/150 [56.21s]
  TRAIN  loss: 0.3309  iou: 0.2251  f1: 0.3574  prec: 0.4034  rec: 0.3932  spec: 0.9985
  VAL    loss: 0.3933  iou: 0.1600  f1: 0.2683  prec: 0.2548  rec: 0.4168  spec: 0.9981
  LR: 1.00e-03
Epoch  13/150 [56.52s]
  TRAIN  loss: 0.3291  iou: 0.2216  f1: 0.3539  prec: 0.4021  rec: 0.3895  spec: 0.9985
  VAL    loss: 0.3902  iou: 0.1693  f1: 0.2809  prec: 0.2690  rec: 0.4294  spec: 0.9982
  ✓ Checkpoint saved (model-2026_06_22-18_18_03.ckpt.pt)
  LR: 1.00e-03
Epoch  14/150 [55.58s]
  TRAIN  loss: 0.3293  iou: 0.2238  f1: 0.3579  prec: 0.3958  rec: 0.3881  spec: 0.9984
  VAL    loss: 0.3994  iou: 0.1477  f1: 0.2505  prec: 0.2458  rec: 0.3739  spec: 0.9982
  LR: 1.00e-03
Epoch  15/150 [55.91s]
  TRAIN  loss: 0.3274  iou: 0.2213  f1: 0.3543  prec: 0.3991  rec: 0.3916  spec: 0.9984
  VAL    loss: 0.3981  iou: 0.1556  f1: 0.2621  prec: 0.2421  rec: 0.4269  spec: 0.9980
  LR: 1.00e-03
Epoch  16/150 [56.56s]
  TRAIN  loss: 0.3268  iou: 0.2248  f1: 0.3589  prec: 0.4098  rec: 0.3852  spec: 0.9985
  VAL    loss: 0.3905  iou: 0.1666  f1: 0.2771  prec: 0.2567  rec: 0.4451  spec: 0.9980
  LR: 1.00e-03
Epoch  17/150 [55.33s]
  TRAIN  loss: 0.3265  iou: 0.2276  f1: 0.3624  prec: 0.4057  rec: 0.3980  spec: 0.9984
  VAL    loss: 0.3972  iou: 0.1488  f1: 0.2512  prec: 0.2505  rec: 0.3708  spec: 0.9983
  LR: 1.00e-03
Epoch  18/150 [55.52s]
  TRAIN  loss: 0.3266  iou: 0.2277  f1: 0.3617  prec: 0.4170  rec: 0.3835  spec: 0.9985
  VAL    loss: 0.3931  iou: 0.1622  f1: 0.2720  prec: 0.2588  rec: 0.4270  spec: 0.9982
  LR: 1.00e-03
Epoch  19/150 [55.28s]
  TRAIN  loss: 0.3251  iou: 0.2253  f1: 0.3593  prec: 0.4109  rec: 0.3892  spec: 0.9985
  VAL    loss: 0.3921  iou: 0.1597  f1: 0.2674  prec: 0.2640  rec: 0.3932  spec: 0.9983
  LR: 1.00e-03
Epoch  20/150 [54.83s]
  TRAIN  loss: 0.3265  iou: 0.2255  f1: 0.3598  prec: 0.4103  rec: 0.3816  spec: 0.9985
  VAL    loss: 0.3992  iou: 0.1572  f1: 0.2621  prec: 0.2964  rec: 0.3273  spec: 0.9989
  LR: 1.00e-03
Epoch  21/150 [54.69s]
  TRAIN  loss: 0.3243  iou: 0.2297  f1: 0.3650  prec: 0.4185  rec: 0.3853  spec: 0.9986
  VAL    loss: 0.3910  iou: 0.1625  f1: 0.2729  prec: 0.2388  rec: 0.4864  spec: 0.9975
  LR: 1.00e-03
Epoch  22/150 [54.92s]
  TRAIN  loss: 0.3259  iou: 0.2298  f1: 0.3641  prec: 0.4163  rec: 0.3862  spec: 0.9985
  VAL    loss: 0.3929  iou: 0.1581  f1: 0.2654  prec: 0.2493  rec: 0.4212  spec: 0.9981
  LR: 1.00e-03
Epoch  23/150 [54.49s]
  TRAIN  loss: 0.3237  iou: 0.2259  f1: 0.3609  prec: 0.4089  rec: 0.3921  spec: 0.9985
  VAL    loss: 0.3976  iou: 0.1577  f1: 0.2630  prec: 0.2944  rec: 0.3324  spec: 0.9988
  LR: 1.00e-03
Epoch  24/150 [54.85s]
  TRAIN  loss: 0.3271  iou: 0.2215  f1: 0.3544  prec: 0.4040  rec: 0.3854  spec: 0.9985
  VAL    loss: 0.3920  iou: 0.1606  f1: 0.2685  prec: 0.2688  rec: 0.3916  spec: 0.9984
  LR: 5.00e-04
Epoch  25/150 [57.17s]
  TRAIN  loss: 0.3201  iou: 0.2337  f1: 0.3693  prec: 0.4245  rec: 0.4160  spec: 0.9986
  VAL    loss: 0.3895  iou: 0.1661  f1: 0.2768  prec: 0.2560  rec: 0.4485  spec: 0.9980
  LR: 5.00e-04
Epoch  26/150 [55.58s]
  TRAIN  loss: 0.3177  iou: 0.2361  f1: 0.3739  prec: 0.4156  rec: 0.4102  spec: 0.9985
  VAL    loss: 0.3882  iou: 0.1656  f1: 0.2770  prec: 0.2538  rec: 0.4646  spec: 0.9979
  LR: 5.00e-04
Epoch  27/150 [54.63s]
  TRAIN  loss: 0.3178  iou: 0.2386  f1: 0.3765  prec: 0.4201  rec: 0.4057  spec: 0.9985
  VAL    loss: 0.3897  iou: 0.1625  f1: 0.2721  prec: 0.2510  rec: 0.4471  spec: 0.9980
  LR: 5.00e-04
