Loading Frigate dataset...
Loaded 206 Frigate pairs

==================================================
EXPERIMENT CONFIGURATION
==================================================
NORMALIZATION  : IdentityNormalization
LOSS           : CombinedLoss
                 {'loss_a': 'DiceLoss', 'loss_b': 'FocalLossModule', 'weight_a': 0.5, 'weight_b': 0.5}
MODEL          : UNet3Levels
                 {'prior_prob': 0.008}
AUGMENTATION   : FlipRotateAugmentation
                 {'use_flips': True, 'use_rotations': True}
MASKING        : None
==================================================

Train: 97 con estrellas + 14/47 vacías mantenidas
Train: 111 | Test: 31 | Val: 31
Densidad positivos: 0.0001%
IoU perfecto (0 FP): 1.0000 → 1.0
IoU con 1% FP adicional: 0.0001
IoU con 0.5% FP adicional: 0.0002
train_images: torch.Size([111, 768, 768, 1])
train_masks: torch.Size([111, 768, 768])
Valores únicos train_masks: tensor([0, 1])
Pixels estrella train: 113
Valores únicos val_masks: tensor([0, 1])
Pixels estrella val: 20
Imágenes con estrellas: 97/111
Train star pixels: 113 / 7274496 = 0.0016%
Val   star pixels: 20   / 2031616   = 0.0010%
Tamaño train: 111
Tamaño val: 31
Train mask unique: [0, 1]
UNet3LevelsModule(
  (enc1): EncoderBlock(
    (conv): ConvBlock(
      (block): Sequential(
        (0): Conv2d(1, 64, kernel_size=(3, 3), stride=(1, 1), padding=(1, 1))
        (1): GroupNorm(8, 64, eps=1e-05, affine=True)
        (2): ReLU(inplace=True)
        (3): Conv2d(64, 64, kernel_size=(3, 3), stride=(1, 1), padding=(1, 1))
        (4): GroupNorm(8, 64, eps=1e-05, affine=True)
        (5): ReLU(inplace=True)
      )
    )
    (pool): MaxPool2d(kernel_size=2, stride=2, padding=0, dilation=1, ceil_mode=False)
  )
  (enc2): EncoderBlock(
    (conv): ConvBlock(
      (block): Sequential(
        (0): Conv2d(64, 128, kernel_size=(3, 3), stride=(1, 1), padding=(1, 1))
        (1): GroupNorm(8, 128, eps=1e-05, affine=True)
        (2): ReLU(inplace=True)
        (3): Conv2d(128, 128, kernel_size=(3, 3), stride=(1, 1), padding=(1, 1))
        (4): GroupNorm(8, 128, eps=1e-05, affine=True)
        (5): ReLU(inplace=True)
      )
    )
    (pool): MaxPool2d(kernel_size=2, stride=2, padding=0, dilation=1, ceil_mode=False)
  )
  (enc3): EncoderBlock(
    (conv): ConvBlock(
      (block): Sequential(
        (0): Conv2d(128, 256, kernel_size=(3, 3), stride=(1, 1), padding=(1, 1))
        (1): GroupNorm(8, 256, eps=1e-05, affine=True)
        (2): ReLU(inplace=True)
        (3): Conv2d(256, 256, kernel_size=(3, 3), stride=(1, 1), padding=(1, 1))
        (4): GroupNorm(8, 256, eps=1e-05, affine=True)
        (5): ReLU(inplace=True)
      )
    )
    (pool): MaxPool2d(kernel_size=2, stride=2, padding=0, dilation=1, ceil_mode=False)
  )
  (bridge): ConvBlock(
    (block): Sequential(
      (0): Conv2d(256, 512, kernel_size=(3, 3), stride=(1, 1), padding=(1, 1))
      (1): GroupNorm(8, 512, eps=1e-05, affine=True)
      (2): ReLU(inplace=True)
      (3): Conv2d(512, 512, kernel_size=(3, 3), stride=(1, 1), padding=(1, 1))
      (4): GroupNorm(8, 512, eps=1e-05, affine=True)
      (5): ReLU(inplace=True)
    )
  )
  (dec3): DecoderBlock(
    (upsample): ConvTranspose2d(512, 256, kernel_size=(2, 2), stride=(2, 2))
    (conv_block): ConvBlock(
      (block): Sequential(
        (0): Conv2d(512, 256, kernel_size=(3, 3), stride=(1, 1), padding=(1, 1))
        (1): GroupNorm(8, 256, eps=1e-05, affine=True)
        (2): ReLU(inplace=True)
        (3): Conv2d(256, 256, kernel_size=(3, 3), stride=(1, 1), padding=(1, 1))
        (4): GroupNorm(8, 256, eps=1e-05, affine=True)
        (5): ReLU(inplace=True)
      )
    )
  )
  (dec2): DecoderBlock(
    (upsample): ConvTranspose2d(256, 128, kernel_size=(2, 2), stride=(2, 2))
    (conv_block): ConvBlock(
      (block): Sequential(
        (0): Conv2d(256, 128, kernel_size=(3, 3), stride=(1, 1), padding=(1, 1))
        (1): GroupNorm(8, 128, eps=1e-05, affine=True)
        (2): ReLU(inplace=True)
        (3): Conv2d(128, 128, kernel_size=(3, 3), stride=(1, 1), padding=(1, 1))
        (4): GroupNorm(8, 128, eps=1e-05, affine=True)
        (5): ReLU(inplace=True)
      )
    )
  )
  (dec1): DecoderBlock(
    (upsample): ConvTranspose2d(128, 64, kernel_size=(2, 2), stride=(2, 2))
    (conv_block): ConvBlock(
      (block): Sequential(
        (0): Conv2d(128, 64, kernel_size=(3, 3), stride=(1, 1), padding=(1, 1))
        (1): GroupNorm(8, 64, eps=1e-05, affine=True)
        (2): ReLU(inplace=True)
        (3): Conv2d(64, 64, kernel_size=(3, 3), stride=(1, 1), padding=(1, 1))
        (4): GroupNorm(8, 64, eps=1e-05, affine=True)
        (5): ReLU(inplace=True)
      )
    )
  )
  (output_conv): Conv2d(64, 1, kernel_size=(1, 1), stride=(1, 1))
  (final_activation): Sigmoid()
)
