Loading dataset...
Skipping 110: FITS image not found: /app/data/dataset/110/110-image.fits
Skipping 11000012: Empty FITS image
Skipping 11000013: Empty FITS image
Skipping 11000042: Empty FITS image
Skipping 11000069: Empty FITS image
Skipping 11000088: Empty FITS image
Skipping 11000103: Empty FITS image
Skipping 11000109: Empty FITS image
Skipping 11000130: Empty FITS image
Skipping 11000149: Empty FITS image
Skipping 11000183: Empty FITS image
Skipping 11000206: Empty FITS image
Skipping 11000231: Empty FITS image
Skipping 11000248: Empty FITS image
Skipping 11000259: Empty FITS image
Skipping 11000278: Empty FITS image
Skipping 11000293: Empty FITS image
Skipping 11000318: Empty FITS image
Skipping 11000333: Empty FITS image
Skipping 11000348: Empty FITS image
Skipping 11000375: Empty FITS image
Skipping 11000410: Empty FITS image
Skipping 11000425: Empty FITS image
Skipping 11000448: Empty FITS image
Skipping 11000463: Empty FITS image
Skipping 11000480: Empty FITS image
Skipping 11000505: Empty FITS image
Skipping 11000513: Empty FITS image
Skipping 11000541: Empty FITS image
Skipping 11000560: Empty FITS image
Skipping 11000583: Empty FITS image
Skipping 11000601: Empty FITS image
Skipping 11000629: Empty FITS image
Skipping 11000652: Empty FITS image
Skipping 11000676: Empty FITS image
Skipping 11000723: Empty FITS image
Skipping 11000737: Empty FITS image
Skipping 11000750: Empty FITS image
Skipping 11000778: Empty FITS image
Skipping 11000803: Empty FITS image
Skipping 11000831: Empty FITS image
Skipping 11000834: Empty FITS image
Skipping 11000866: Empty FITS image
Skipping 11000868: Empty FITS image
Skipping 11000878: Empty FITS image
Skipping 11000880: Empty FITS image
Skipping 11000908: Empty FITS image
Skipping 11000909: Empty FITS image
Skipping 11000939: Empty FITS image
Skipping 11000941: Empty FITS image
Skipping 11000971: Empty FITS image
Skipping 11000998: Empty FITS image
Skipping 11001034: Empty FITS image
Skipping 11001048: Empty FITS image
Skipping 11001075: Empty FITS image
Skipping 11001103: Empty FITS image
Skipping 11001122: Empty FITS image
Skipping 11001138: Empty FITS image
Skipping 11001153: Empty FITS image
Skipping 11001182: Empty FITS image
Skipping 11001206: Empty FITS image
Skipping 11001236: Empty FITS image
Skipping 11001243: Empty FITS image
Skipping 11001261: Empty FITS image
Skipping 11001293: Empty FITS image
Skipping 11001312: Empty FITS image
Skipping 11001341: Empty FITS image
Skipping 11001352: Empty FITS image
Skipping 11001381: Empty FITS image
Skipping 11001415: Empty FITS image
Skipping 11001433: Empty FITS image
Skipping 11001465: Empty FITS image
WARNING: File may have been truncated: actual file length (114688) is smaller than the expected size (4360320) [astropy.io.fits.file]
Skipping 1544015: buffer is too small for requested array
WARNING: File may have been truncated: actual file length (2208960) is smaller than the expected size (2211840) [astropy.io.fits.file]
Skipping 1544965: buffer is too small for requested array
WARNING: File may have been truncated: actual file length (16963200) is smaller than the expected size (16966080) [astropy.io.fits.file]
Skipping 1545008: buffer is too small for requested array
Skipping 1545510: AXY file not found: /app/data/dataset/1545510/1545510-axy.fits
NaN después de normalizar en 1545519, saltando
Skipping 1545994: Empty FITS image
Skipping 1546048: Empty FITS image
Skipping 1546051: Empty FITS image
Skipping 1546056: Empty FITS image
Skipping 1546104: Empty FITS image
Skipping 1546107: Empty FITS image
Skipping 1546125: Empty FITS image
Skipping 1546130: Empty FITS image
Skipping 1546168: Empty FITS image
Skipping 1546224: Empty FITS image
Skipping 1546226: Empty FITS image
Skipping 1546232: Empty FITS image
Skipping 1546271: Empty FITS image
Skipping 1546307: Empty FITS image
Skipping 1546343: Empty FITS image
Skipping 1546346: Empty FITS image
WARNING: File may have been truncated: actual file length (671040) is smaller than the expected size (673920) [astropy.io.fits.file]
Skipping 1547405: buffer is too small for requested array
Skipping 1547958: Empty FITS image
Skipping 1547963: Empty FITS image
Skipping 1548078: Empty FITS image
WARNING: File may have been truncated: actual file length (6512640) is smaller than the expected size (7948800) [astropy.io.fits.file]
Skipping 1548240: buffer is too small for requested array
Skipping 27: FITS image not found: /app/data/dataset/27/27-image.fits
Skipping cache: FITS image not found: /app/data/dataset/cache/cache-image.fits
Dataset loaded: 2806 entries

==================================================
EXPERIMENT CONFIGURATION
==================================================
NORMALIZATION  : LogPercentileNormalization
                 {'lowest_percentile': 1.0, 'highest_percentile': 99.9}
LOSS           : WeightedBCELoss
                 {'pos_weight': 30.0}
MODEL          : UNet4Levels
                 {'prior_prob': 0.0035}
AUGMENTATION   : ComposeAugmentation
                 {'augmentations': [<model_training.data_preprocessing.augmentation.flip_rotate_augmentation.FlipRotateAugmentation object at 0x7bd3747cc850>, <model_training.data_preprocessing.augmentation.brightness_contrast_augmentation.BrightnessContrastAugmentation object at 0x7bd25f3efc10>]}
MASKING        : AnnotationMasking
                 {'radius': 8, 'border_margin': 5}
==================================================

Train: 1014 con estrellas + 285/950 vacías mantenidas
Train: 1299 | Test: 421 | Val: 421
train_images: torch.Size([1299, 256, 256, 1])
train_masks: torch.Size([1299, 256, 256])
Valores únicos train_masks: tensor([0, 1])
Pixels estrella train: 300475
Valores únicos val_masks: tensor([0, 1])
Pixels estrella val: 64490
Imágenes con estrellas: 1014/1299
Train star pixels: 300475 / 191545344 = 0.1569%
Val   star pixels: 64490   / 62078976   = 0.1039%
Tamaño train: 1299
Tamaño val: 421
Train mask unique: [0, 1]
UNet4LevelsModule(
  (enc1): EncoderBlock(
    (conv): ConvBlock(
      (block): Sequential(
        (0): Conv2d(1, 64, kernel_size=(3, 3), stride=(1, 1), padding=(1, 1))
        (1): GroupNorm(8, 64, eps=1e-05, affine=True)
        (2): ReLU(inplace=True)
        (3): Conv2d(64, 64, kernel_size=(3, 3), stride=(1, 1), padding=(1, 1))
        (4): GroupNorm(8, 64, eps=1e-05, affine=True)
        (5): ReLU(inplace=True)
      )
    )
    (pool): MaxPool2d(kernel_size=2, stride=2, padding=0, dilation=1, ceil_mode=False)
  )
  (enc2): EncoderBlock(
    (conv): ConvBlock(
      (block): Sequential(
        (0): Conv2d(64, 128, kernel_size=(3, 3), stride=(1, 1), padding=(1, 1))
        (1): GroupNorm(8, 128, eps=1e-05, affine=True)
        (2): ReLU(inplace=True)
        (3): Conv2d(128, 128, kernel_size=(3, 3), stride=(1, 1), padding=(1, 1))
        (4): GroupNorm(8, 128, eps=1e-05, affine=True)
        (5): ReLU(inplace=True)
      )
    )
    (pool): MaxPool2d(kernel_size=2, stride=2, padding=0, dilation=1, ceil_mode=False)
  )
  (enc3): EncoderBlock(
    (conv): ConvBlock(
      (block): Sequential(
        (0): Conv2d(128, 256, kernel_size=(3, 3), stride=(1, 1), padding=(1, 1))
        (1): GroupNorm(8, 256, eps=1e-05, affine=True)
        (2): ReLU(inplace=True)
        (3): Conv2d(256, 256, kernel_size=(3, 3), stride=(1, 1), padding=(1, 1))
        (4): GroupNorm(8, 256, eps=1e-05, affine=True)
        (5): ReLU(inplace=True)
      )
    )
    (pool): MaxPool2d(kernel_size=2, stride=2, padding=0, dilation=1, ceil_mode=False)
  )
  (enc4): EncoderBlock(
    (conv): ConvBlock(
      (block): Sequential(
        (0): Conv2d(256, 512, kernel_size=(3, 3), stride=(1, 1), padding=(1, 1))
        (1): GroupNorm(8, 512, eps=1e-05, affine=True)
        (2): ReLU(inplace=True)
        (3): Conv2d(512, 512, kernel_size=(3, 3), stride=(1, 1), padding=(1, 1))
        (4): GroupNorm(8, 512, eps=1e-05, affine=True)
        (5): ReLU(inplace=True)
      )
    )
    (pool): MaxPool2d(kernel_size=2, stride=2, padding=0, dilation=1, ceil_mode=False)
  )
  (bridge): ConvBlock(
    (block): Sequential(
      (0): Conv2d(512, 1024, kernel_size=(3, 3), stride=(1, 1), padding=(1, 1))
      (1): GroupNorm(8, 1024, eps=1e-05, affine=True)
      (2): ReLU(inplace=True)
      (3): Conv2d(1024, 1024, kernel_size=(3, 3), stride=(1, 1), padding=(1, 1))
      (4): GroupNorm(8, 1024, eps=1e-05, affine=True)
      (5): ReLU(inplace=True)
    )
  )
  (dec4): DecoderBlock(
    (upsample): ConvTranspose2d(1024, 512, kernel_size=(2, 2), stride=(2, 2))
    (conv_block): ConvBlock(
      (block): Sequential(
        (0): Conv2d(1024, 512, kernel_size=(3, 3), stride=(1, 1), padding=(1, 1))
        (1): GroupNorm(8, 512, eps=1e-05, affine=True)
        (2): ReLU(inplace=True)
        (3): Conv2d(512, 512, kernel_size=(3, 3), stride=(1, 1), padding=(1, 1))
        (4): GroupNorm(8, 512, eps=1e-05, affine=True)
        (5): ReLU(inplace=True)
      )
    )
  )
  (dec3): DecoderBlock(
    (upsample): ConvTranspose2d(512, 256, kernel_size=(2, 2), stride=(2, 2))
    (conv_block): ConvBlock(
      (block): Sequential(
        (0): Conv2d(512, 256, kernel_size=(3, 3), stride=(1, 1), padding=(1, 1))
        (1): GroupNorm(8, 256, eps=1e-05, affine=True)
        (2): ReLU(inplace=True)
        (3): Conv2d(256, 256, kernel_size=(3, 3), stride=(1, 1), padding=(1, 1))
        (4): GroupNorm(8, 256, eps=1e-05, affine=True)
        (5): ReLU(inplace=True)
      )
    )
  )
  (dec2): DecoderBlock(
    (upsample): ConvTranspose2d(256, 128, kernel_size=(2, 2), stride=(2, 2))
    (conv_block): ConvBlock(
      (block): Sequential(
        (0): Conv2d(256, 128, kernel_size=(3, 3), stride=(1, 1), padding=(1, 1))
        (1): GroupNorm(8, 128, eps=1e-05, affine=True)
        (2): ReLU(inplace=True)
        (3): Conv2d(128, 128, kernel_size=(3, 3), stride=(1, 1), padding=(1, 1))
        (4): GroupNorm(8, 128, eps=1e-05, affine=True)
        (5): ReLU(inplace=True)
      )
    )
  )
  (dec1): DecoderBlock(
    (upsample): ConvTranspose2d(128, 64, kernel_size=(2, 2), stride=(2, 2))
    (conv_block): ConvBlock(
      (block): Sequential(
        (0): Conv2d(128, 64, kernel_size=(3, 3), stride=(1, 1), padding=(1, 1))
        (1): GroupNorm(8, 64, eps=1e-05, affine=True)
        (2): ReLU(inplace=True)
        (3): Conv2d(64, 64, kernel_size=(3, 3), stride=(1, 1), padding=(1, 1))
        (4): GroupNorm(8, 64, eps=1e-05, affine=True)
        (5): ReLU(inplace=True)
      )
    )
  )
  (output_conv): Conv2d(64, 1, kernel_size=(1, 1), stride=(1, 1))
  (final_activation): Sigmoid()
)
Epoch   1/150 [1m 42.51s]
  TRAIN  loss: 0.2059  iou: 0.0673  f1: 0.1233  prec: 0.0781  rec: 0.6788  spec: 0.9698
  VAL    loss: 0.1327  iou: 0.0498  f1: 0.0928  prec: 0.0518  rec: 0.8230  spec: 0.9703
  ✓ Checkpoint saved (model-2026_06_22-17_05_41.ckpt.pt)
  LR: 1.00e-03
Epoch   2/150 [1m 9.39s]
  TRAIN  loss: 0.1662  iou: 0.0738  f1: 0.1347  prec: 0.0774  rec: 0.8030  spec: 0.9684
  VAL    loss: 0.1256  iou: 0.0476  f1: 0.0889  prec: 0.0491  rec: 0.8546  spec: 0.9674
  LR: 1.00e-03
Epoch   3/150 [1m 8.15s]
  TRAIN  loss: 0.1628  iou: 0.0765  f1: 0.1393  prec: 0.0801  rec: 0.8138  spec: 0.9684
  VAL    loss: 0.1241  iou: 0.0563  f1: 0.1040  prec: 0.0587  rec: 0.8205  spec: 0.9745
  ✓ Checkpoint saved (model-2026_06_22-17_05_41.ckpt.pt)
  LR: 1.00e-03
Epoch   4/150 [1m 9.49s]
  TRAIN  loss: 0.1589  iou: 0.0736  f1: 0.1343  prec: 0.0766  rec: 0.8229  spec: 0.9671
  VAL    loss: 0.1289  iou: 0.0406  f1: 0.0764  prec: 0.0414  rec: 0.8826  spec: 0.9588
  LR: 1.00e-03
Epoch   5/150 [1m 7.75s]
  TRAIN  loss: 0.1558  iou: 0.0717  f1: 0.1311  prec: 0.0743  rec: 0.8355  spec: 0.9654
  VAL    loss: 0.1206  iou: 0.0460  f1: 0.0861  prec: 0.0473  rec: 0.8686  spec: 0.9645
  LR: 1.00e-03
Epoch   6/150 [1m 7.62s]
  TRAIN  loss: 0.1514  iou: 0.0721  f1: 0.1319  prec: 0.0748  rec: 0.8404  spec: 0.9650
  VAL    loss: 0.1269  iou: 0.0425  f1: 0.0798  prec: 0.0436  rec: 0.8646  spec: 0.9611
  LR: 1.00e-03
Epoch   7/150 [1m 7.94s]
  TRAIN  loss: 0.1529  iou: 0.0711  f1: 0.1302  prec: 0.0740  rec: 0.8395  spec: 0.9648
  VAL    loss: 0.1161  iou: 0.0493  f1: 0.0918  prec: 0.0507  rec: 0.8777  spec: 0.9668
  LR: 1.00e-03
Epoch   8/150 [1m 7.58s]
  TRAIN  loss: 0.1533  iou: 0.0746  f1: 0.1354  prec: 0.0778  rec: 0.8415  spec: 0.9669
  VAL    loss: 0.1221  iou: 0.0465  f1: 0.0869  prec: 0.0477  rec: 0.8761  spec: 0.9650
  LR: 1.00e-03
Epoch   9/150 [1m 6.96s]
  TRAIN  loss: 0.1491  iou: 0.0723  f1: 0.1322  prec: 0.0749  rec: 0.8485  spec: 0.9651
  VAL    loss: 0.1206  iou: 0.0487  f1: 0.0907  prec: 0.0500  rec: 0.8705  spec: 0.9666
  LR: 1.00e-03
